Archive member included to satisfy reference by file (symbol)

C:/PROGRA~2/ARMGNU~1/14EFD8~1.2RE/bin/../lib/gcc/arm-none-eabi/14.2.1/thumb/v7e-m+fp/hard\libc_nano.a(libc_a-exit.o)
                              C:/PROGRA~2/ARMGNU~1/14EFD8~1.2RE/bin/../lib/gcc/arm-none-eabi/14.2.1/thumb/v7e-m+fp/hard/crt0.o (exit)
C:/PROGRA~2/ARMGNU~1/14EFD8~1.2RE/bin/../lib/gcc/arm-none-eabi/14.2.1/thumb/v7e-m+fp/hard\libc_nano.a(libc_a-findfp.o)
                              C:/PROGRA~2/ARMGNU~1/14EFD8~1.2RE/bin/../lib/gcc/arm-none-eabi/14.2.1/thumb/v7e-m+fp/hard\libc_nano.a(libc_a-exit.o) (__stdio_exit_handler)
C:/PROGRA~2/ARMGNU~1/14EFD8~1.2RE/bin/../lib/gcc/arm-none-eabi/14.2.1/thumb/v7e-m+fp/hard\libc_nano.a(libc_a-fwalk.o)
                              C:/PROGRA~2/ARMGNU~1/14EFD8~1.2RE/bin/../lib/gcc/arm-none-eabi/14.2.1/thumb/v7e-m+fp/hard\libc_nano.a(libc_a-findfp.o) (_fwalk_sglue)
C:/PROGRA~2/ARMGNU~1/14EFD8~1.2RE/bin/../lib/gcc/arm-none-eabi/14.2.1/thumb/v7e-m+fp/hard\libc_nano.a(libc_a-stdio.o)
                              C:/PROGRA~2/ARMGNU~1/14EFD8~1.2RE/bin/../lib/gcc/arm-none-eabi/14.2.1/thumb/v7e-m+fp/hard\libc_nano.a(libc_a-findfp.o) (__sread)
C:/PROGRA~2/ARMGNU~1/14EFD8~1.2RE/bin/../lib/gcc/arm-none-eabi/14.2.1/thumb/v7e-m+fp/hard\libc_nano.a(libc_a-memset.o)
                              C:/PROGRA~2/ARMGNU~1/14EFD8~1.2RE/bin/../lib/gcc/arm-none-eabi/14.2.1/thumb/v7e-m+fp/hard/crt0.o (memset)
C:/PROGRA~2/ARMGNU~1/14EFD8~1.2RE/bin/../lib/gcc/arm-none-eabi/14.2.1/thumb/v7e-m+fp/hard\libc_nano.a(libc_a-closer.o)
                              C:/PROGRA~2/ARMGNU~1/14EFD8~1.2RE/bin/../lib/gcc/arm-none-eabi/14.2.1/thumb/v7e-m+fp/hard\libc_nano.a(libc_a-stdio.o) (_close_r)
C:/PROGRA~2/ARMGNU~1/14EFD8~1.2RE/bin/../lib/gcc/arm-none-eabi/14.2.1/thumb/v7e-m+fp/hard\libc_nano.a(libc_a-reent.o)
                              C:/PROGRA~2/ARMGNU~1/14EFD8~1.2RE/bin/../lib/gcc/arm-none-eabi/14.2.1/thumb/v7e-m+fp/hard\libc_nano.a(libc_a-closer.o) (errno)
C:/PROGRA~2/ARMGNU~1/14EFD8~1.2RE/bin/../lib/gcc/arm-none-eabi/14.2.1/thumb/v7e-m+fp/hard\libc_nano.a(libc_a-impure.o)
                              C:/PROGRA~2/ARMGNU~1/14EFD8~1.2RE/bin/../lib/gcc/arm-none-eabi/14.2.1/thumb/v7e-m+fp/hard\libc_nano.a(libc_a-reent.o) (_impure_ptr)
C:/PROGRA~2/ARMGNU~1/14EFD8~1.2RE/bin/../lib/gcc/arm-none-eabi/14.2.1/thumb/v7e-m+fp/hard\libc_nano.a(libc_a-lseekr.o)
                              C:/PROGRA~2/ARMGNU~1/14EFD8~1.2RE/bin/../lib/gcc/arm-none-eabi/14.2.1/thumb/v7e-m+fp/hard\libc_nano.a(libc_a-stdio.o) (_lseek_r)
C:/PROGRA~2/ARMGNU~1/14EFD8~1.2RE/bin/../lib/gcc/arm-none-eabi/14.2.1/thumb/v7e-m+fp/hard\libc_nano.a(libc_a-readr.o)
                              C:/PROGRA~2/ARMGNU~1/14EFD8~1.2RE/bin/../lib/gcc/arm-none-eabi/14.2.1/thumb/v7e-m+fp/hard\libc_nano.a(libc_a-stdio.o) (_read_r)
C:/PROGRA~2/ARMGNU~1/14EFD8~1.2RE/bin/../lib/gcc/arm-none-eabi/14.2.1/thumb/v7e-m+fp/hard\libc_nano.a(libc_a-writer.o)
                              C:/PROGRA~2/ARMGNU~1/14EFD8~1.2RE/bin/../lib/gcc/arm-none-eabi/14.2.1/thumb/v7e-m+fp/hard\libc_nano.a(libc_a-stdio.o) (_write_r)
C:/PROGRA~2/ARMGNU~1/14EFD8~1.2RE/bin/../lib/gcc/arm-none-eabi/14.2.1/thumb/v7e-m+fp/hard\libc_nano.a(libc_a-init.o)
                              C:/PROGRA~2/ARMGNU~1/14EFD8~1.2RE/bin/../lib/gcc/arm-none-eabi/14.2.1/thumb/v7e-m+fp/hard/crt0.o (__libc_init_array)
C:/PROGRA~2/ARMGNU~1/14EFD8~1.2RE/bin/../lib/gcc/arm-none-eabi/14.2.1/thumb/v7e-m+fp/hard\libc_nano.a(libc_a-lock.o)
                              C:/PROGRA~2/ARMGNU~1/14EFD8~1.2RE/bin/../lib/gcc/arm-none-eabi/14.2.1/thumb/v7e-m+fp/hard\libc_nano.a(libc_a-findfp.o) (__retarget_lock_init_recursive)
C:/PROGRA~2/ARMGNU~1/14EFD8~1.2RE/bin/../lib/gcc/arm-none-eabi/14.2.1/thumb/v7e-m+fp/hard\libc_nano.a(libc_a-freer.o)
                              C:/PROGRA~2/ARMGNU~1/14EFD8~1.2RE/bin/../lib/gcc/arm-none-eabi/14.2.1/thumb/v7e-m+fp/hard\libc_nano.a(libc_a-reent.o) (_free_r)
C:/PROGRA~2/ARMGNU~1/14EFD8~1.2RE/bin/../lib/gcc/arm-none-eabi/14.2.1/thumb/v7e-m+fp/hard\libc_nano.a(libc_a-mallocr.o)
                              C:/PROGRA~2/ARMGNU~1/14EFD8~1.2RE/bin/../lib/gcc/arm-none-eabi/14.2.1/thumb/v7e-m+fp/hard\libc_nano.a(libc_a-findfp.o) (_malloc_r)
C:/PROGRA~2/ARMGNU~1/14EFD8~1.2RE/bin/../lib/gcc/arm-none-eabi/14.2.1/thumb/v7e-m+fp/hard\libc_nano.a(libc_a-mlock.o)
                              C:/PROGRA~2/ARMGNU~1/14EFD8~1.2RE/bin/../lib/gcc/arm-none-eabi/14.2.1/thumb/v7e-m+fp/hard\libc_nano.a(libc_a-freer.o) (__malloc_lock)
C:/PROGRA~2/ARMGNU~1/14EFD8~1.2RE/bin/../lib/gcc/arm-none-eabi/14.2.1/thumb/v7e-m+fp/hard\libc_nano.a(libc_a-fflush.o)
                              C:/PROGRA~2/ARMGNU~1/14EFD8~1.2RE/bin/../lib/gcc/arm-none-eabi/14.2.1/thumb/v7e-m+fp/hard\libc_nano.a(libc_a-findfp.o) (_fflush_r)
C:/PROGRA~2/ARMGNU~1/14EFD8~1.2RE/bin/../lib/gcc/arm-none-eabi/14.2.1/thumb/v7e-m+fp/hard\libc_nano.a(libc_a-sbrkr.o)
[...]
Memory Configuration

Name             Origin             Length             Attributes
RAM              0x20000000         0x00020000         xrw
FLASH            0x08000000         0x00080000         xr
*default*        0x00000000         0xffffffff

Linker script and memory map

LOAD C:/PROGRA~2/ARMGNU~1/14EFD8~1.2RE/bin/../lib/gcc/arm-none-eabi/14.2.1/thumb/v7e-m+fp/hard/crti.o
LOAD C:/PROGRA~2/ARMGNU~1/14EFD8~1.2RE/bin/../lib/gcc/arm-none-eabi/14.2.1/thumb/v7e-m+fp/hard/crtbegin.o
LOAD C:/PROGRA~2/ARMGNU~1/14EFD8~1.2RE/bin/../lib/gcc/arm-none-eabi/14.2.1/thumb/v7e-m+fp/hard/crt0.o
START GROUP
LOAD C:/PROGRA~2/ARMGNU~1/14EFD8~1.2RE/bin/../lib/gcc/arm-none-eabi/14.2.1/thumb/v7e-m+fp/hard\libc_nano.a
LOAD C:/PROGRA~2/ARMGNU~1/14EFD8~1.2RE/bin/../lib/gcc/arm-none-eabi/14.2.1/thumb/v7e-m+fp/hard\libm.a
END GROUP
LOAD CMakeFiles/Nucleo_Learning.dir/Core/Src/main.c.obj
LOAD CMakeFiles/Nucleo_Learning.dir/Core/Src/stm32g4xx_it.c.obj
LOAD CMakeFiles/Nucleo_Learning.dir/Core/Src/stm32g4xx_hal_msp.c.obj
LOAD CMakeFiles/Nucleo_Learning.dir/Drivers/BSP/STM32G4xx_Nucleo/stm32g4xx_nucleo.c.obj
LOAD CMakeFiles/Nucleo_Learning.dir/Drivers/STM32G4xx_HAL_Driver/Src/stm32g4xx_hal.c.obj
LOAD CMakeFiles/Nucleo_Learning.dir/Drivers/STM32G4xx_HAL_Driver/Src/stm32g4xx_hal_rcc.c.obj
LOAD CMakeFiles/Nucleo_Learning.dir/Drivers/STM32G4xx_HAL_Driver/Src/stm32g4xx_hal_rcc_ex.c.obj
LOAD CMakeFiles/Nucleo_Learning.dir/Drivers/STM32G4xx_HAL_Driver/Src/stm32g4xx_hal_flash.c.obj
LOAD CMakeFiles/Nucleo_Learning.dir/Drivers/STM32G4xx_HAL_Driver/Src/stm32g4xx_hal_flash_ex.c.obj
LOAD CMakeFiles/Nucleo_Learning.dir/Drivers/STM32G4xx_HAL_Driver/Src/stm32g4xx_hal_flash_ramfunc.c.obj
LOAD CMakeFiles/Nucleo_Learning.dir/Drivers/STM32G4xx_HAL_Driver/Src/stm32g4xx_hal_gpio.c.obj
LOAD CMakeFiles/Nucleo_Learning.dir/Drivers/STM32G4xx_HAL_Driver/Src/stm32g4xx_hal_exti.c.obj
LOAD CMakeFiles/Nucleo_Learning.dir/Drivers/STM32G4xx_HAL_Driver/Src/stm32g4xx_hal_dma.c.obj
LOAD CMakeFiles/Nucleo_Learning.dir/Drivers/STM32G4xx_HAL_Driver/Src/stm32g4xx_hal_dma_ex.c.obj
LOAD CMakeFiles/Nucleo_Learning.dir/Drivers/STM32G4xx_HAL_Driver/Src/stm32g4xx_hal_pwr.c.obj
LOAD CMakeFiles/Nucleo_Learning.dir/Drivers/STM32G4xx_HAL_Driver/Src/stm32g4xx_hal_pwr_ex.c.obj
LOAD CMakeFiles/Nucleo_Learning.dir/Drivers/STM32G4xx_HAL_Driver/Src/stm32g4xx_hal_cortex.c.obj
LOAD CMakeFiles/Nucleo_Learning.dir/Drivers/STM32G4xx_HAL_Driver/Src/stm32g4xx_hal_uart.c.obj
LOAD CMakeFiles/Nucleo_Learning.dir/Drivers/STM32G4xx_HAL_Driver/Src/stm32g4xx_hal_uart_ex.c.obj
LOAD CMakeFiles/Nucleo_Learning.dir/Drivers/STM32G4xx_HAL_Driver/Src/stm32g4xx_hal_usart.c.obj
LOAD CMakeFiles/Nucleo_Learning.dir/Drivers/STM32G4xx_HAL_Driver/Src/stm32g4xx_hal_usart_ex.c.obj
LOAD CMakeFiles/Nucleo_Learning.dir/Core/Src/system_stm32g4xx.c.obj
LOAD CMakeFiles/Nucleo_Learning.dir/Core/Src/sysmem.c.obj
LOAD CMakeFiles/Nucleo_Learning.dir/Core/Src/syscalls.c.obj
LOAD CMakeFiles/Nucleo_Learning.dir/startup_stm32g474xx.s.obj
START GROUP
LOAD C:/PROGRA~2/ARMGNU~1/14EFD8~1.2RE/bin/../lib/gcc/arm-none-eabi/14.2.1/thumb/v7e-m+fp/hard\libgcc.a
LOAD C:/PROGRA~2/ARMGNU~1/14EFD8~1.2RE/bin/../lib/gcc/arm-none-eabi/14.2.1/thumb/v7e-m+fp/hard\libg_nano.a
LOAD C:/PROGRA~2/ARMGNU~1/14EFD8~1.2RE/bin/../lib/gcc/arm-none-eabi/14.2.1/thumb/v7e-m+fp/hard\libc_nano.a
END GROUP
START GROUP
LOAD C:/PROGRA~2/ARMGNU~1/14EFD8~1.2RE/bin/../lib/gcc/arm-none-eabi/14.2.1/thumb/v7e-m+fp/hard\libgcc.a
LOAD C:/PROGRA~2/ARMGNU~1/14EFD8~1.2RE/bin/../lib/gcc/arm-none-eabi/14.2.1/thumb/v7e-m+fp/hard\libc_nano.a
END GROUP
LOAD C:/PROGRA~2/ARMGNU~1/14EFD8~1.2RE/bin/../lib/gcc/arm-none-eabi/14.2.1/thumb/v7e-m+fp/hard/crtend.o
LOAD C:/PROGRA~2/ARMGNU~1/14EFD8~1.2RE/bin/../lib/gcc/arm-none-eabi/14.2.1/thumb/v7e-m+fp/hard/crtn.o
                0x20020000                        _estack = (ORIGIN (RAM) + LENGTH (RAM))
                0x00000200                        _Min_Heap_Size = 0x200
                0x00000400                        _Min_Stack_Size = 0x400

.isr_vector     0x08000000      0x1d8
                0x08000000                        . = ALIGN (0x4)
 *(.isr_vector)
 .isr_vector    0x08000000      0x1d8 CMakeFiles/Nucleo_Learning.dir/startup_stm32g474xx.s.obj
                0x08000000                g_pfnVectors
                0x080001d8                        . = ALIGN (0x4)

.text           0x080001d8     0x37a4
                0x080001d8                        . = ALIGN (0x4)
 *(.text)
 .text          0x080001d8       0x30 C:/PROGRA~2/ARMGNU~1/14EFD8~1.2RE/bin/../lib/gcc/arm-none-eabi/14.2.1/thumb/v7e-m+fp/hard\libgcc.a(_aeabi_uldivmod.o)
                0x080001d8                __aeabi_uldivmod
 .text          0x08000208        0x4 C:/PROGRA~2/ARMGNU~1/14EFD8~1.2RE/bin/../lib/gcc/arm-none-eabi/14.2.1/thumb/v7e-m+fp/hard\libgcc.a(_dvmd_tls.o)
                0x08000208                __aeabi_idiv0
                0x08000208                __aeabi_ldiv0
 .text          0x0800020c       0x10 C:/PROGRA~2/ARMGNU~1/14EFD8~1.2RE/bin/../lib/gcc/arm-none-eabi/14.2.1/thumb/v7e-m+fp/hard\libg_nano.a(libc_a-strlen.o)
                0x0800020c                strlen
 *(.text*)
 .text.deregister_tm_clones
                0x0800021c       0x1c C:/PROGRA~2/ARMGNU~1/14EFD8~1.2RE/bin/../lib/gcc/arm-none-eabi/14.2.1/thumb/v7e-m+fp/hard/crtbegin.o
 .text.register_tm_clones
                0x08000238       0x24 C:/PROGRA~2/ARMGNU~1/14EFD8~1.2RE/bin/../lib/gcc/arm-none-eabi/14.2.1/thumb/v7e-m+fp/hard/crtbegin.o
 .text.__do_global_dtors_aux
                0x0800025c       0x28 C:/PROGRA~2/ARMGNU~1/14EFD8~1.2RE/bin/../lib/gcc/arm-none-eabi/14.2.1/thumb/v7e-m+fp/hard/crtbegin.o
 .text.frame_dummy
                0x08000284       0x24 C:/PROGRA~2/ARMGNU~1/14EFD8~1.2RE/bin/../lib/gcc/arm-none-eabi/14.2.1/thumb/v7e-m+fp/hard/crtbegin.o
 .text.std      0x080002a8       0x6c C:/PROGRA~2/ARMGNU~1/14EFD8~1.2RE/bin/../lib/gcc/arm-none-eabi/14.2.1/thumb/v7e-m+fp/hard\libc_nano.a(libc_a-findfp.o)
 .text.stdio_exit_handler
                0x08000314       0x18 C:/PROGRA~2/ARMGNU~1/14EFD8~1.2RE/bin/../lib/gcc/arm-none-eabi/14.2.1/thumb/v7e-m+fp/hard\libc_nano.a(libc_a-findfp.o)
 .text.cleanup_stdio
                0x0800032c       0x40 C:/PROGRA~2/ARMGNU~1/14EFD8~1.2RE/bin/../lib/gcc/arm-none-eabi/14.2.1/thumb/v7e-m+fp/hard\libc_nano.a(libc_a-findfp.o)
 .text.global_stdio_init.part.0
                0x0800036c       0x40 C:/PROGRA~2/ARMGNU~1/14EFD8~1.2RE/bin/../lib/gcc/arm-none-eabi/14.2.1/thumb/v7e-m+fp/hard\libc_nano.a(libc_a-findfp.o)
 .text.__sfp_lock_acquire
                0x080003ac        0xc C:/PROGRA~2/ARMGNU~1/14EFD8~1.2RE/bin/../lib/gcc/arm-none-eabi/14.2.1/thumb/v7e-m+fp/hard\libc_nano.a(libc_a-findfp.o)
                0x080003ac                __sfp_lock_acquire
 .text.__sfp_lock_release
                0x080003b8        0xc C:/PROGRA~2/ARMGNU~1/14EFD8~1.2RE/bin/../lib/gcc/arm-none-eabi/14.2.1/thumb/v7e-m+fp/hard\libc_nano.a(libc_a-findfp.o)
                0x080003b8                __sfp_lock_release
 .text.__sinit  0x080003c4       0x30 C:/PROGRA~2/ARMGNU~1/14EFD8~1.2RE/bin/../lib/gcc/arm-none-eabi/14.2.1/thumb/v7e-m+fp/hard\libc_nano.a(libc_a-findfp.o)
                0x080003c4                __sinit
 .text._fwalk_sglue
                0x080003f4       0x3c C:/PROGRA~2/ARMGNU~1/14EFD8~1.2RE/bin/../lib/gcc/arm-none-eabi/14.2.1/thumb/v7e-m+fp/hard\libc_nano.a(libc_a-fwalk.o)
                0x080003f4                _fwalk_sglue
 .text.__sread  0x08000430       0x22 C:/PROGRA~2/ARMGNU~1/14EFD8~1.2RE/bin/../lib/gcc/arm-none-eabi/14.2.1/thumb/v7e-m+fp/hard\libc_nano.a(libc_a-stdio.o)
                0x08000430                __sread
 .text.__swrite
                0x08000452       0x38 C:/PROGRA~2/ARMGNU~1/14EFD8~1.2RE/bin/../lib/gcc/arm-none-eabi/14.2.1/thumb/v7e-m+fp/hard\libc_nano.a(libc_a-stdio.o)
                0x08000452                __swrite
 .text.__sseek  0x0800048a       0x26 C:/PROGRA~2/ARMGNU~1/14EFD8~1.2RE/bin/../lib/gcc/arm-none-eabi/14.2.1/thumb/v7e-m+fp/hard\libc_nano.a(libc_a-stdio.o)
                0x0800048a                __sseek
 .text.__sclose
                0x080004b0        0x8 C:/PROGRA~2/ARMGNU~1/14EFD8~1.2RE/bin/../lib/gcc/arm-none-eabi/14.2.1/thumb/v7e-m+fp/hard\libc_nano.a(libc_a-stdio.o)
                0x080004b0                __sclose
 .text.memset   0x080004b8       0x10 C:/PROGRA~2/ARMGNU~1/14EFD8~1.2RE/bin/../lib/gcc/arm-none-eabi/14.2.1/thumb/v7e-m+fp/hard\libc_nano.a(libc_a-memset.o)
                0x080004b8                memset
 .text._close_r
                0x080004c8       0x20 C:/PROGRA~2/ARMGNU~1/14EFD8~1.2RE/bin/../lib/gcc/arm-none-eabi/14.2.1/thumb/v7e-m+fp/hard\libc_nano.a(libc_a-closer.o)
                0x080004c8                _close_r
 .text._lseek_r
                0x080004e8       0x24 C:/PROGRA~2/ARMGNU~1/14EFD8~1.2RE/bin/../lib/gcc/arm-none-eabi/14.2.1/thumb/v7e-m+fp/hard\libc_nano.a(libc_a-lseekr.o)
                0x080004e8                _lseek_r
 .text._read_r  0x0800050c       0x24 C:/PROGRA~2/ARMGNU~1/14EFD8~1.2RE/bin/../lib/gcc/arm-none-eabi/14.2.1/thumb/v7e-m+fp/hard\libc_nano.a(libc_a-readr.o)
                0x0800050c                _read_r
 .text._write_r
                0x08000530       0x24 C:/PROGRA~2/ARMGNU~1/14EFD8~1.2RE/bin/../lib/gcc/arm-none-eabi/14.2.1/thumb/v7e-m+fp/hard\libc_nano.a(libc_a-writer.o)
                0x08000530                _write_r
 .text.__libc_init_array
                0x08000554       0x48 C:/PROGRA~2/ARMGNU~1/14EFD8~1.2RE/bin/../lib/gcc/arm-none-eabi/14.2.1/thumb/v7e-m+fp/hard\libc_nano.a(libc_a-init.o)
                0x08000554                __libc_init_array
 .text.__retarget_lock_init_recursive
                0x0800059c        0x2 C:/PROGRA~2/ARMGNU~1/14EFD8~1.2RE/bin/../lib/gcc/arm-none-eabi/14.2.1/thumb/v7e-m+fp/hard\libc_nano.a(libc_a-lock.o)
                0x0800059c                __retarget_lock_init_recursive
 .text.__retarget_lock_acquire_recursive
                0x0800059e        0x2 C:/PROGRA~2/ARMGNU~1/14EFD8~1.2RE/bin/../lib/gcc/arm-none-eabi/14.2.1/thumb/v7e-m+fp/hard\libc_nano.a(libc_a-lock.o)
                0x0800059e                __retarget_lock_acquire_recursive
 .text.__retarget_lock_release_recursive
                0x080005a0        0x2 C:/PROGRA~2/ARMGNU~1/14EFD8~1.2RE/bin/../lib/gcc/arm-none-eabi/14.2.1/thumb/v7e-m+fp/hard\libc_nano.a(libc_a-lock.o)
                0x080005a0                __retarget_lock_release_recursive
 *fill*         0x080005a2        0x2 
 .text._free_r  0x080005a4       0x94 C:/PROGRA~2/ARMGNU~1/14EFD8~1.2RE/bin/../lib/gcc/arm-none-eabi/14.2.1/thumb/v7e-m+fp/hard\libc_nano.a(libc_a-freer.o)
                0x080005a4                _free_r
 .text.sbrk_aligned
                0x08000638       0x44 C:/PROGRA~2/ARMGNU~1/14EFD8~1.2RE/bin/../lib/gcc/arm-none-eabi/14.2.1/thumb/v7e-m+fp/hard\libc_nano.a(libc_a-mallocr.o)
 .text._malloc_r
                0x0800067c      0x100 C:/PROGRA~2/ARMGNU~1/14EFD8~1.2RE/bin/../lib/gcc/arm-none-eabi/14.2.1/thumb/v7e-m+fp/hard\libc_nano.a(libc_a-mallocr.o)
                0x0800067c                _malloc_r
 .text.__malloc_lock
                0x0800077c        0xc C:/PROGRA~2/ARMGNU~1/14EFD8~1.2RE/bin/../lib/gcc/arm-none-eabi/14.2.1/thumb/v7e-m+fp/hard\libc_nano.a(libc_a-mlock.o)
                0x0800077c                __malloc_lock
 .text.__malloc_unlock
                0x08000788        0xc C:/PROGRA~2/ARMGNU~1/14EFD8~1.2RE/bin/../lib/gcc/arm-none-eabi/14.2.1/thumb/v7e-m+fp/hard\libc_nano.a(libc_a-mlock.o)
                0x08000788                __malloc_unlock
 .text.__sflush_r
                0x08000794      0x104 C:/PROGRA~2/ARMGNU~1/14EFD8~1.2RE/bin/../lib/gcc/arm-none-eabi/14.2.1/thumb/v7e-m+fp/hard\libc_nano.a(libc_a-fflush.o)
                0x08000794                __sflush_r
 .text._fflush_r
                0x08000898       0x50 C:/PROGRA~2/ARMGNU~1/14EFD8~1.2RE/bin/../lib/gcc/arm-none-eabi/14.2.1/thumb/v7e-m+fp/hard\libc_nano.a(libc_a-fflush.o)
                0x08000898                _fflush_r
 .text._sbrk_r  0x080008e8       0x20 C:/PROGRA~2/ARMGNU~1/14EFD8~1.2RE/bin/../lib/gcc/arm-none-eabi/14.2.1/thumb/v7e-m+fp/hard\libc_nano.a(libc_a-sbrkr.o)
                0x080008e8                _sbrk_r
 .text._write   0x08000908       0x2c CMakeFiles/Nucleo_Learning.dir/Core/Src/main.c.obj
                0x08000908                _write
 .text.main     0x08000934       0x84 CMakeFiles/Nucleo_Learning.dir/Core/Src/main.c.obj
                0x08000934                main
 .text.SystemClock_Config
                0x080009b8       0xb4 CMakeFiles/Nucleo_Learning.dir/Core/Src/main.c.obj
                0x080009b8                SystemClock_Config
 .text.MX_USART2_UART_Init
                0x08000a6c       0x98 CMakeFiles/Nucleo_Learning.dir/Core/Src/main.c.obj
 .text.MX_GPIO_Init
                0x08000b04       0x74 CMakeFiles/Nucleo_Learning.dir/Core/Src/main.c.obj
 .text.Error_Handler
                0x08000b78       0x1c CMakeFiles/Nucleo_Learning.dir/Core/Src/main.c.obj
                0x08000b78                Error_Handler
 .text.NMI_Handler
                0x08000b94        0x8 CMakeFiles/Nucleo_Learning.dir/Core/Src/stm32g4xx_it.c.obj
                0x08000b94                NMI_Handler
 .text.HardFault_Handler
                0x08000b9c        0x8 CMakeFiles/Nucleo_Learning.dir/Core/Src/stm32g4xx_it.c.obj
                0x08000b9c                HardFault_Handler
 .text.MemManage_Handler
                0x08000ba4        0x8 CMakeFiles/Nucleo_Learning.dir/Core/Src/stm32g4xx_it.c.obj
                0x08000ba4                MemManage_Handler
 .text.BusFault_Handler
                0x08000bac        0x8 CMakeFiles/Nucleo_Learning.dir/Core/Src/stm32g4xx_it.c.obj
                0x08000bac                BusFault_Handler
 .text.UsageFault_Handler
                0x08000bb4        0x8 CMakeFiles/Nucleo_Learning.dir/Core/Src/stm32g4xx_it.c.obj
                0x08000bb4                UsageFault_Handler
 .text.SVC_Handler
                0x08000bbc        0xe CMakeFiles/Nucleo_Learning.dir/Core/Src/stm32g4xx_it.c.obj
                0x08000bbc                SVC_Handler
 .text.DebugMon_Handler
                0x08000bca        0xe CMakeFiles/Nucleo_Learning.dir/Core/Src/stm32g4xx_it.c.obj
                0x08000bca                DebugMon_Handler
 .text.PendSV_Handler
                0x08000bd8        0xe CMakeFiles/Nucleo_Learning.dir/Core/Src/stm32g4xx_it.c.obj
                0x08000bd8                PendSV_Handler
 .text.SysTick_Handler
                0x08000be6        0xc CMakeFiles/Nucleo_Learning.dir/Core/Src/stm32g4xx_it.c.obj
                0x08000be6                SysTick_Handler
 .text.EXTI15_10_IRQHandler
                0x08000bf2        0xe CMakeFiles/Nucleo_Learning.dir/Core/Src/stm32g4xx_it.c.obj
                0x08000bf2                EXTI15_10_IRQHandler
 .text.HAL_MspInit
                0x08000c00       0x48 CMakeFiles/Nucleo_Learning.dir/Core/Src/stm32g4xx_hal_msp.c.obj
                0x08000c00                HAL_MspInit
 .text.HAL_UART_MspInit
                0x08000c48       0xb0 CMakeFiles/Nucleo_Learning.dir/Core/Src/stm32g4xx_hal_msp.c.obj
                0x08000c48                HAL_UART_MspInit
 .text.BSP_PB_IRQHandler
                0x08000cf8       0x24 CMakeFiles/Nucleo_Learning.dir/Drivers/BSP/STM32G4xx_Nucleo/stm32g4xx_nucleo.c.obj
                0x08000cf8                BSP_PB_IRQHandler
 .text.HAL_Init
                0x08000d1c       0x30 CMakeFiles/Nucleo_Learning.dir/Drivers/STM32G4xx_HAL_Driver/Src/stm32g4xx_hal.c.obj
                0x08000d1c                HAL_Init
 .text.HAL_InitTick
                0x08000d4c       0x74 CMakeFiles/Nucleo_Learning.dir/Drivers/STM32G4xx_HAL_Driver/Src/stm32g4xx_hal.c.obj
                0x08000d4c                HAL_InitTick
 .text.HAL_IncTick
                0x08000dc0       0x24 CMakeFiles/Nucleo_Learning.dir/Drivers/STM32G4xx_HAL_Driver/Src/stm32g4xx_hal.c.obj
                0x08000dc0                HAL_IncTick
 .text.HAL_GetTick
                0x08000de4       0x18 CMakeFiles/Nucleo_Learning.dir/Drivers/STM32G4xx_HAL_Driver/Src/stm32g4xx_hal.c.obj
                0x08000de4                HAL_GetTick
 .text.HAL_Delay
                0x08000dfc       0x44 CMakeFiles/Nucleo_Learning.dir/Drivers/STM32G4xx_HAL_Driver/Src/stm32g4xx_hal.c.obj
                0x08000dfc                HAL_Delay
 .text.HAL_RCC_OscConfig
                0x08000e40      0x624 CMakeFiles/Nucleo_Learning.dir/Drivers/STM32G4xx_HAL_Driver/Src/stm32g4xx_hal_rcc.c.obj
                0x08000e40                HAL_RCC_OscConfig
 .text.HAL_RCC_ClockConfig
                0x08001464      0x278 CMakeFiles/Nucleo_Learning.dir/Drivers/STM32G4xx_HAL_Driver/Src/stm32g4xx_hal_rcc.c.obj
                0x08001464                HAL_RCC_ClockConfig
 .text.HAL_RCC_GetSysClockFreq
                0x080016dc       0xc4 CMakeFiles/Nucleo_Learning.dir/Drivers/STM32G4xx_HAL_Driver/Src/stm32g4xx_hal_rcc.c.obj
                0x080016dc                HAL_RCC_GetSysClockFreq
 .text.HAL_RCC_GetHCLKFreq
                0x080017a0       0x18 CMakeFiles/Nucleo_Learning.dir/Drivers/STM32G4xx_HAL_Driver/Src/stm32g4xx_hal_rcc.c.obj
                0x080017a0                HAL_RCC_GetHCLKFreq
 .text.HAL_RCC_GetPCLK1Freq
                0x080017b8       0x2c CMakeFiles/Nucleo_Learning.dir/Drivers/STM32G4xx_HAL_Driver/Src/stm32g4xx_hal_rcc.c.obj
                0x080017b8                HAL_RCC_GetPCLK1Freq
 .text.HAL_RCC_GetPCLK2Freq
                0x080017e4       0x2c CMakeFiles/Nucleo_Learning.dir/Drivers/STM32G4xx_HAL_Driver/Src/stm32g4xx_hal_rcc.c.obj
                0x080017e4                HAL_RCC_GetPCLK2Freq
 .text.RCC_GetSysClockFreqFromPLLSource
                0x08001810       0x8c CMakeFiles/Nucleo_Learning.dir/Drivers/STM32G4xx_HAL_Driver/Src/stm32g4xx_hal_rcc.c.obj
 .text.HAL_RCCEx_PeriphCLKConfig
                0x0800189c      0x49c CMakeFiles/Nucleo_Learning.dir/Drivers/STM32G4xx_HAL_Driver/Src/stm32g4xx_hal_rcc_ex.c.obj
                0x0800189c                HAL_RCCEx_PeriphCLKConfig
 .text.HAL_GPIO_Init
                0x08001d38      0x304 CMakeFiles/Nucleo_Learning.dir/Drivers/STM32G4xx_HAL_Driver/Src/stm32g4xx_hal_gpio.c.obj
                0x08001d38                HAL_GPIO_Init
 .text.HAL_GPIO_TogglePin
                0x0800203c       0x34 CMakeFiles/Nucleo_Learning.dir/Drivers/STM32G4xx_HAL_Driver/Src/stm32g4xx_hal_gpio.c.obj
                0x0800203c                HAL_GPIO_TogglePin
 .text.HAL_EXTI_IRQHandler
                0x08002070       0x60 CMakeFiles/Nucleo_Learning.dir/Drivers/STM32G4xx_HAL_Driver/Src/stm32g4xx_hal_exti.c.obj
                0x08002070                HAL_EXTI_IRQHandler
 .text.HAL_PWREx_ControlVoltageScaling
                0x080020d0      0x148 CMakeFiles/Nucleo_Learning.dir/Drivers/STM32G4xx_HAL_Driver/Src/stm32g4xx_hal_pwr_ex.c.obj
                0x080020d0                HAL_PWREx_ControlVoltageScaling
 .text.HAL_PWREx_DisableUCPDDeadBattery
                0x08002218       0x20 CMakeFiles/Nucleo_Learning.dir/Drivers/STM32G4xx_HAL_Driver/Src/stm32g4xx_hal_pwr_ex.c.obj
                0x08002218                HAL_PWREx_DisableUCPDDeadBattery
 .text.__NVIC_SetPriorityGrouping
                0x08002238       0x48 CMakeFiles/Nucleo_Learning.dir/Drivers/STM32G4xx_HAL_Driver/Src/stm32g4xx_hal_cortex.c.obj
 .text.__NVIC_GetPriorityGrouping
                0x08002280       0x1c CMakeFiles/Nucleo_Learning.dir/Drivers/STM32G4xx_HAL_Driver/Src/stm32g4xx_hal_cortex.c.obj
 .text.__NVIC_SetPriority
                0x0800229c       0x54 CMakeFiles/Nucleo_Learning.dir/Drivers/STM32G4xx_HAL_Driver/Src/stm32g4xx_hal_cortex.c.obj
 .text.NVIC_EncodePriority
                0x080022f0       0x66 CMakeFiles/Nucleo_Learning.dir/Drivers/STM32G4xx_HAL_Driver/Src/stm32g4xx_hal_cortex.c.obj
 *fill*         0x08002356        0x2 
 .text.SysTick_Config
                0x08002358       0x44 CMakeFiles/Nucleo_Learning.dir/Drivers/STM32G4xx_HAL_Driver/Src/stm32g4xx_hal_cortex.c.obj
 .text.HAL_NVIC_SetPriorityGrouping
                0x0800239c       0x16 CMakeFiles/Nucleo_Learning.dir/Drivers/STM32G4xx_HAL_Driver/Src/stm32g4xx_hal_cortex.c.obj
                0x0800239c                HAL_NVIC_SetPriorityGrouping
 .text.HAL_NVIC_SetPriority
                0x080023b2       0x34 CMakeFiles/Nucleo_Learning.dir/Drivers/STM32G4xx_HAL_Driver/Src/stm32g4xx_hal_cortex.c.obj
                0x080023b2                HAL_NVIC_SetPriority
 .text.HAL_SYSTICK_Config
                0x080023e6       0x18 CMakeFiles/Nucleo_Learning.dir/Drivers/STM32G4xx_HAL_Driver/Src/stm32g4xx_hal_cortex.c.obj
                0x080023e6                HAL_SYSTICK_Config
 .text.HAL_UART_Init
                0x080023fe       0xa0 CMakeFiles/Nucleo_Learning.dir/Drivers/STM32G4xx_HAL_Driver/Src/stm32g4xx_hal_uart.c.obj
                0x080023fe                HAL_UART_Init
 .text.HAL_UART_Transmit
                0x0800249e      0x11c CMakeFiles/Nucleo_Learning.dir/Drivers/STM32G4xx_HAL_Driver/Src/stm32g4xx_hal_uart.c.obj
                0x0800249e                HAL_UART_Transmit
 *fill*         0x080025ba        0x2 
 .text.UART_SetConfig
                0x080025bc      0x5f8 CMakeFiles/Nucleo_Learning.dir/Drivers/STM32G4xx_HAL_Driver/Src/stm32g4xx_hal_uart.c.obj
                0x080025bc                UART_SetConfig
 .text.UART_AdvFeatureConfig
                0x08002bb4      0x144 CMakeFiles/Nucleo_Learning.dir/Drivers/STM32G4xx_HAL_Driver/Src/stm32g4xx_hal_uart.c.obj
                0x08002bb4                UART_AdvFeatureConfig
 .text.UART_CheckIdleState
                0x08002cf8      0x154 CMakeFiles/Nucleo_Learning.dir/Drivers/STM32G4xx_HAL_Driver/Src/stm32g4xx_hal_uart.c.obj
                0x08002cf8                UART_CheckIdleState
 .text.UART_WaitOnFlagUntilTimeout
                0x08002e4c       0xda CMakeFiles/Nucleo_Learning.dir/Drivers/STM32G4xx_HAL_Driver/Src/stm32g4xx_hal_uart.c.obj
                0x08002e4c                UART_WaitOnFlagUntilTimeout
 .text.UART_EndRxTransfer
                0x08002f26       0xcc CMakeFiles/Nucleo_Learning.dir/Drivers/STM32G4xx_HAL_Driver/Src/stm32g4xx_hal_uart.c.obj
 .text.HAL_UARTEx_DisableFifoMode
                0x08002ff2       0x72 CMakeFiles/Nucleo_Learning.dir/Drivers/STM32G4xx_HAL_Driver/Src/stm32g4xx_hal_uart_ex.c.obj
                0x08002ff2                HAL_UARTEx_DisableFifoMode
 .text.HAL_UARTEx_SetTxFifoThreshold
                0x08003064       0x7c CMakeFiles/Nucleo_Learning.dir/Drivers/STM32G4xx_HAL_Driver/Src/stm32g4xx_hal_uart_ex.c.obj
                0x08003064                HAL_UARTEx_SetTxFifoThreshold
 .text.HAL_UARTEx_SetRxFifoThreshold
                0x080030e0       0x7c CMakeFiles/Nucleo_Learning.dir/Drivers/STM32G4xx_HAL_Driver/Src/stm32g4xx_hal_uart_ex.c.obj
                0x080030e0                HAL_UARTEx_SetRxFifoThreshold
 .text.UARTEx_SetNbDataToProcess
                0x0800315c       0x9c CMakeFiles/Nucleo_Learning.dir/Drivers/STM32G4xx_HAL_Driver/Src/stm32g4xx_hal_uart_ex.c.obj
 .text.SystemInit
                0x080031f8       0x24 CMakeFiles/Nucleo_Learning.dir/Core/Src/system_stm32g4xx.c.obj
                0x080031f8                SystemInit
 .text._sbrk    0x0800321c       0x6c CMakeFiles/Nucleo_Learning.dir/Core/Src/sysmem.c.obj
                0x0800321c                _sbrk
 .text._read    0x08003288       0x3a CMakeFiles/Nucleo_Learning.dir/Core/Src/syscalls.c.obj
                0x08003288                _read
 .text._close   0x080032c2       0x18 CMakeFiles/Nucleo_Learning.dir/Core/Src/syscalls.c.obj
                0x080032c2                _close
 .text._fstat   0x080032da       0x20 CMakeFiles/Nucleo_Learning.dir/Core/Src/syscalls.c.obj
                0x080032da                _fstat
 .text._isatty  0x080032fa       0x16 CMakeFiles/Nucleo_Learning.dir/Core/Src/syscalls.c.obj
                0x080032fa                _isatty
 .text._lseek   0x08003310       0x1a CMakeFiles/Nucleo_Learning.dir/Core/Src/syscalls.c.obj
                0x08003310                _lseek
 *fill*         0x0800332a        0x2 
 .text.Reset_Handler
                0x0800332c       0x50 CMakeFiles/Nucleo_Learning.dir/startup_stm32g474xx.s.obj
                0x0800332c                Reset_Handler
 .text.Default_Handler
                0x0800337c        0x2 CMakeFiles/Nucleo_Learning.dir/startup_stm32g474xx.s.obj
                0x0800337c                RTC_Alarm_IRQHandler
                0x0800337c                EXTI2_IRQHandler
                0x0800337c                TIM8_TRG_COM_IRQHandler
                0x0800337c                TIM8_CC_IRQHandler
                0x0800337c                HRTIM1_Master_IRQHandler
                0x0800337c                SPI4_IRQHandler
                0x0800337c                FDCAN3_IT0_IRQHandler
                0x0800337c                TIM1_CC_IRQHandler
                0x0800337c                HRTIM1_FLT_IRQHandler
                0x0800337c                HRTIM1_TIMF_IRQHandler
                0x0800337c                USB_HP_IRQHandler
                0x0800337c                CORDIC_IRQHandler
                0x0800337c                HRTIM1_TIMD_IRQHandler
                0x0800337c                DMA2_Channel8_IRQHandler
                0x0800337c                EXTI3_IRQHandler
                0x0800337c                I2C3_ER_IRQHandler
                0x0800337c                EXTI0_IRQHandler
                0x0800337c                I2C2_EV_IRQHandler
                0x0800337c                FPU_IRQHandler
                0x0800337c                FDCAN1_IT1_IRQHandler
                0x0800337c                TIM1_UP_TIM16_IRQHandler
                0x0800337c                ADC1_2_IRQHandler
                0x0800337c                HRTIM1_TIME_IRQHandler
                0x0800337c                SPI1_IRQHandler
                0x0800337c                TIM6_DAC_IRQHandler
                0x0800337c                HRTIM1_TIMC_IRQHandler
                0x0800337c                TIM8_UP_IRQHandler
                0x0800337c                DMA2_Channel2_IRQHandler
                0x0800337c                DMA1_Channel4_IRQHandler
                0x0800337c                TIM20_TRG_COM_IRQHandler
                0x0800337c                USART3_IRQHandler
                0x0800337c                DMA1_Channel7_IRQHandler
                0x0800337c                UART5_IRQHandler
                0x0800337c                ADC3_IRQHandler
                0x0800337c                TIM4_IRQHandler
                0x0800337c                DMA2_Channel1_IRQHandler
                0x0800337c                QUADSPI_IRQHandler
                0x0800337c                I2C1_EV_IRQHandler
                0x0800337c                DMA1_Channel6_IRQHandler
                0x0800337c                UART4_IRQHandler
                0x0800337c                DMA2_Channel4_IRQHandler
                0x0800337c                TIM3_IRQHandler
                0x0800337c                RCC_IRQHandler
                0x0800337c                TIM20_UP_IRQHandler
                0x0800337c                DMA1_Channel1_IRQHandler
                0x0800337c                Default_Handler
                0x0800337c                DMA2_Channel7_IRQHandler
                0x0800337c                RTC_TAMP_LSECSS_IRQHandler
                0x0800337c                FMAC_IRQHandler
                0x0800337c                DMA1_Channel8_IRQHandler
                0x0800337c                HRTIM1_TIMA_IRQHandler
                0x0800337c                TIM7_DAC_IRQHandler
                0x0800337c                FDCAN3_IT1_IRQHandler
                0x0800337c                TIM5_IRQHandler
                0x0800337c                UCPD1_IRQHandler
                0x0800337c                I2C3_EV_IRQHandler
                0x0800337c                EXTI9_5_IRQHandler
                0x0800337c                RTC_WKUP_IRQHandler
                0x0800337c                PVD_PVM_IRQHandler
                0x0800337c                SPI2_IRQHandler
                0x0800337c                ADC5_IRQHandler
                0x0800337c                DMA2_Channel5_IRQHandler
                0x0800337c                CRS_IRQHandler
                0x0800337c                DMA1_Channel5_IRQHandler
                0x0800337c                USB_LP_IRQHandler
                0x0800337c                EXTI4_IRQHandler
                0x0800337c                RNG_IRQHandler
                0x0800337c                HRTIM1_TIMB_IRQHandler
                0x0800337c                TIM1_TRG_COM_TIM17_IRQHandler
                0x0800337c                FDCAN2_IT1_IRQHandler
                0x0800337c                DMA1_Channel3_IRQHandler
                0x0800337c                ADC4_IRQHandler
                0x0800337c                WWDG_IRQHandler
                0x0800337c                I2C4_EV_IRQHandler
                0x0800337c                FDCAN2_IT0_IRQHandler
                0x0800337c                LPUART1_IRQHandler
                0x0800337c                DMA2_Channel6_IRQHandler
                0x0800337c                FDCAN1_IT0_IRQHandler
                0x0800337c                TIM2_IRQHandler
                0x0800337c                COMP7_IRQHandler
                0x0800337c                COMP1_2_3_IRQHandler
                0x0800337c                EXTI1_IRQHandler
                0x0800337c                USART2_IRQHandler
                0x0800337c                COMP4_5_6_IRQHandler
                0x0800337c                TIM20_BRK_IRQHandler
                0x0800337c                I2C2_ER_IRQHandler
                0x0800337c                DMA1_Channel2_IRQHandler
                0x0800337c                TIM8_BRK_IRQHandler
                0x0800337c                FLASH_IRQHandler
                0x0800337c                TIM20_CC_IRQHandler
                0x0800337c                USART1_IRQHandler
                0x0800337c                SPI3_IRQHandler
                0x0800337c                I2C1_ER_IRQHandler
                0x0800337c                FMC_IRQHandler
                0x0800337c                LPTIM1_IRQHandler
                0x0800337c                DMAMUX_OVR_IRQHandler
                0x0800337c                I2C4_ER_IRQHandler
                0x0800337c                USBWakeUp_IRQHandler
                0x0800337c                SAI1_IRQHandler
                0x0800337c                DMA2_Channel3_IRQHandler
                0x0800337c                TIM1_BRK_TIM15_IRQHandler
 *fill*         0x0800337e        0x2 
 .text.__udivmoddi4
                0x08003380      0x2f8 C:/PROGRA~2/ARMGNU~1/14EFD8~1.2RE/bin/../lib/gcc/arm-none-eabi/14.2.1/thumb/v7e-m+fp/hard\libgcc.a(_udivmoddi4.o)
                0x08003380                __udivmoddi4
 .text._puts_r  0x08003678       0xaa C:/PROGRA~2/ARMGNU~1/14EFD8~1.2RE/bin/../lib/gcc/arm-none-eabi/14.2.1/thumb/v7e-m+fp/hard\libg_nano.a(libc_a-puts.o)
                0x08003678                _puts_r
 *fill*         0x08003722        0x2 
 .text.puts     0x08003724       0x10 C:/PROGRA~2/ARMGNU~1/14EFD8~1.2RE/bin/../lib/gcc/arm-none-eabi/14.2.1/thumb/v7e-m+fp/hard\libg_nano.a(libc_a-puts.o)
                0x08003724                puts
 .text.__swbuf_r
                0x08003734       0x7c C:/PROGRA~2/ARMGNU~1/14EFD8~1.2RE/bin/../lib/gcc/arm-none-eabi/14.2.1/thumb/v7e-m+fp/hard\libg_nano.a(libc_a-wbuf.o)
                0x08003734                __swbuf_r
 .text.__swsetup_r
                0x080037b0       0xa8 C:/PROGRA~2/ARMGNU~1/14EFD8~1.2RE/bin/../lib/gcc/arm-none-eabi/14.2.1/thumb/v7e-m+fp/hard\libg_nano.a(libc_a-wsetup.o)
                0x080037b0                __swsetup_r
 .text.__errno  0x08003858        0xc C:/PROGRA~2/ARMGNU~1/14EFD8~1.2RE/bin/../lib/gcc/arm-none-eabi/14.2.1/thumb/v7e-m+fp/hard\libg_nano.a(libc_a-errno.o)
                0x08003858                __errno
 .text.__swhatbuf_r
                0x08003864       0x48 C:/PROGRA~2/ARMGNU~1/14EFD8~1.2RE/bin/../lib/gcc/arm-none-eabi/14.2.1/thumb/v7e-m+fp/hard\libg_nano.a(libc_a-makebuf.o)
                0x08003864                __swhatbuf_r
 .text.__smakebuf_r
                0x080038ac       0x72 C:/PROGRA~2/ARMGNU~1/14EFD8~1.2RE/bin/../lib/gcc/arm-none-eabi/14.2.1/thumb/v7e-m+fp/hard\libg_nano.a(libc_a-makebuf.o)
                0x080038ac                __smakebuf_r
 *fill*         0x0800391e        0x2 
 .text._fstat_r
                0x08003920       0x24 C:/PROGRA~2/ARMGNU~1/14EFD8~1.2RE/bin/../lib/gcc/arm-none-eabi/14.2.1/thumb/v7e-m+fp/hard\libg_nano.a(libc_a-fstatr.o)
                0x08003920                _fstat_r
 .text._isatty_r
                0x08003944       0x20 C:/PROGRA~2/ARMGNU~1/14EFD8~1.2RE/bin/../lib/gcc/arm-none-eabi/14.2.1/thumb/v7e-m+fp/hard\libg_nano.a(libc_a-isattyr.o)
                0x08003944                _isatty_r
 *(.glue_7)
 .glue_7        0x08003964        0x0 linker stubs
 *(.glue_7t)
 .glue_7t       0x08003964        0x0 linker stubs
 *(.eh_frame)
 .eh_frame      0x08003964        0x0 C:/PROGRA~2/ARMGNU~1/14EFD8~1.2RE/bin/../lib/gcc/arm-none-eabi/14.2.1/thumb/v7e-m+fp/hard/crtbegin.o
 *(.init)
 .init          0x08003964        0x4 C:/PROGRA~2/ARMGNU~1/14EFD8~1.2RE/bin/../lib/gcc/arm-none-eabi/14.2.1/thumb/v7e-m+fp/hard/crti.o
                0x08003964                _init
 .init          0x08003968        0x8 C:/PROGRA~2/ARMGNU~1/14EFD8~1.2RE/bin/../lib/gcc/arm-none-eabi/14.2.1/thumb/v7e-m+fp/hard/crtn.o
 *(.fini)
 .fini          0x08003970        0x4 C:/PROGRA~2/ARMGNU~1/14EFD8~1.2RE/bin/../lib/gcc/arm-none-eabi/14.2.1/thumb/v7e-m+fp/hard/crti.o
                0x08003970                _fini
 .fini          0x08003974        0x8 C:/PROGRA~2/ARMGNU~1/14EFD8~1.2RE/bin/../lib/gcc/arm-none-eabi/14.2.1/thumb/v7e-m+fp/hard/crtn.o
                0x0800397c                        . = ALIGN (0x4)
                0x0800397c                        _etext = .

.vfp11_veneer   0x0800397c        0x0
 .vfp11_veneer  0x0800397c        0x0 linker stubs

.v4_bx          0x0800397c        0x0
 .v4_bx         0x0800397c        0x0 linker stubs

.iplt           0x0800397c        0x0
 .iplt          0x0800397c        0x0 C:/PROGRA~2/ARMGNU~1/14EFD8~1.2RE/bin/../lib/gcc/arm-none-eabi/14.2.1/thumb/v7e-m+fp/hard/crtbegin.o

.rodata         0x0800397c       0x9c
                0x0800397c                        . = ALIGN (0x4)
 *(.rodata)
 .rodata        0x0800397c       0x5b CMakeFiles/Nucleo_Learning.dir/Core/Src/main.c.obj
 *(.rodata*)
 *fill*         0x080039d7        0x1 
 .rodata.UARTPrescTable
                0x080039d8       0x18 CMakeFiles/Nucleo_Learning.dir/Drivers/STM32G4xx_HAL_Driver/Src/stm32g4xx_hal_uart.c.obj
                0x080039d8                UARTPrescTable
 .rodata.numerator.1
                0x080039f0        0x8 CMakeFiles/Nucleo_Learning.dir/Drivers/STM32G4xx_HAL_Driver/Src/stm32g4xx_hal_uart_ex.c.obj
 .rodata.denominator.0
                0x080039f8        0x8 CMakeFiles/Nucleo_Learning.dir/Drivers/STM32G4xx_HAL_Driver/Src/stm32g4xx_hal_uart_ex.c.obj
 .rodata.AHBPrescTable
                0x08003a00       0x10 CMakeFiles/Nucleo_Learning.dir/Core/Src/system_stm32g4xx.c.obj
                0x08003a00                AHBPrescTable
 .rodata.APBPrescTable
                0x08003a10        0x8 CMakeFiles/Nucleo_Learning.dir/Core/Src/system_stm32g4xx.c.obj
                0x08003a10                APBPrescTable
                0x08003a18                        . = ALIGN (0x4)

.ARM.extab
 *(.ARM.extab* .gnu.linkonce.armextab.*)

.ARM            0x08003a18        0x8
                0x08003a18                        __exidx_start = .
 *(.ARM.exidx*)
 .ARM.exidx     0x08003a18        0x8 C:/PROGRA~2/ARMGNU~1/14EFD8~1.2RE/bin/../lib/gcc/arm-none-eabi/14.2.1/thumb/v7e-m+fp/hard\libg_nano.a(libc_a-strlen.o)
 .ARM.exidx.text.__udivmoddi4
                0x08003a20        0x0 C:/PROGRA~2/ARMGNU~1/14EFD8~1.2RE/bin/../lib/gcc/arm-none-eabi/14.2.1/thumb/v7e-m+fp/hard\libgcc.a(_udivmoddi4.o)
                                  0x8 (size before relaxing)
                0x08003a20                        __exidx_end = .

.rel.dyn        0x08003a20        0x0
 .rel.iplt      0x08003a20        0x0 C:/PROGRA~2/ARMGNU~1/14EFD8~1.2RE/bin/../lib/gcc/arm-none-eabi/14.2.1/thumb/v7e-m+fp/hard/crtbegin.o

.preinit_array  0x08003a20        0x0
                0x08003a20                        PROVIDE (__preinit_array_start = .)
 *(.preinit_array*)
                0x08003a20                        PROVIDE (__preinit_array_end = .)

.init_array     0x08003a20        0x4
                0x08003a20                        PROVIDE (__init_array_start = .)
 *(SORT_BY_NAME(.init_array.*))
 *(.init_array*)
 .init_array    0x08003a20        0x4 C:/PROGRA~2/ARMGNU~1/14EFD8~1.2RE/bin/../lib/gcc/arm-none-eabi/14.2.1/thumb/v7e-m+fp/hard/crtbegin.o
                0x08003a24                        PROVIDE (__init_array_end = .)

.fini_array     0x08003a24        0x4
                [!provide]                        PROVIDE (__fini_array_start = .)
 *(SORT_BY_NAME(.fini_array.*))
 *(.fini_array*)
 .fini_array    0x08003a24        0x4 C:/PROGRA~2/ARMGNU~1/14EFD8~1.2RE/bin/../lib/gcc/arm-none-eabi/14.2.1/thumb/v7e-m+fp/hard/crtbegin.o
                [!provide]                        PROVIDE (__fini_array_end = .)
                0x08003a28                        _sidata = LOADADDR (.data)

.data           0x20000000       0x68 load address 0x08003a28
                0x20000000                        . = ALIGN (0x4)
                0x20000000                        _sdata = .
 *(.data)
 *(.data*)
 .data.__sglue  0x20000000        0xc C:/PROGRA~2/ARMGNU~1/14EFD8~1.2RE/bin/../lib/gcc/arm-none-eabi/14.2.1/thumb/v7e-m+fp/hard\libc_nano.a(libc_a-findfp.o)
                0x20000000                __sglue
 .data._impure_ptr
                0x2000000c        0x4 C:/PROGRA~2/ARMGNU~1/14EFD8~1.2RE/bin/../lib/gcc/arm-none-eabi/14.2.1/thumb/v7e-m+fp/hard\libc_nano.a(libc_a-impure.o)
                0x2000000c                _impure_ptr
 .data._impure_data
                0x20000010       0x4c C:/PROGRA~2/ARMGNU~1/14EFD8~1.2RE/bin/../lib/gcc/arm-none-eabi/14.2.1/thumb/v7e-m+fp/hard\libc_nano.a(libc_a-impure.o)
                0x20000010                _impure_data
 .data.uwTickPrio
                0x2000005c        0x4 CMakeFiles/Nucleo_Learning.dir/Drivers/STM32G4xx_HAL_Driver/Src/stm32g4xx_hal.c.obj
                0x2000005c                uwTickPrio
 .data.uwTickFreq
                0x20000060        0x4 CMakeFiles/Nucleo_Learning.dir/Drivers/STM32G4xx_HAL_Driver/Src/stm32g4xx_hal.c.obj
                0x20000060                uwTickFreq
 .data.SystemCoreClock
                0x20000064        0x4 CMakeFiles/Nucleo_Learning.dir/Core/Src/system_stm32g4xx.c.obj
                0x20000064                SystemCoreClock
                0x20000068                        . = ALIGN (0x4)
                0x20000068                        _edata = .

.tm_clone_table
                0x20000068        0x0 load address 0x08003a90
 .tm_clone_table
                0x20000068        0x0 C:/PROGRA~2/ARMGNU~1/14EFD8~1.2RE/bin/../lib/gcc/arm-none-eabi/14.2.1/thumb/v7e-m+fp/hard/crtbegin.o
 .tm_clone_table
                0x20000068        0x0 C:/PROGRA~2/ARMGNU~1/14EFD8~1.2RE/bin/../lib/gcc/arm-none-eabi/14.2.1/thumb/v7e-m+fp/hard/crtend.o

.igot.plt       0x20000068        0x0 load address 0x08003a90
 .igot.plt      0x20000068        0x0 C:/PROGRA~2/ARMGNU~1/14EFD8~1.2RE/bin/../lib/gcc/arm-none-eabi/14.2.1/thumb/v7e-m+fp/hard/crtbegin.o
                0x20000068                        . = ALIGN (0x4)

.bss            0x20000068      0x20c load address 0x08003a90
                0x20000068                        _sbss = .
                0x20000068                        __bss_start__ = _sbss
 *(.bss)
 *(.bss*)
 .bss.completed.1
                0x20000068        0x1 C:/PROGRA~2/ARMGNU~1/14EFD8~1.2RE/bin/../lib/gcc/arm-none-eabi/14.2.1/thumb/v7e-m+fp/hard/crtbegin.o
 *fill*         0x20000069        0x3 
 .bss.object.0  0x2000006c       0x18 C:/PROGRA~2/ARMGNU~1/14EFD8~1.2RE/bin/../lib/gcc/arm-none-eabi/14.2.1/thumb/v7e-m+fp/hard/crtbegin.o
 .bss.__sf      0x20000084      0x138 C:/PROGRA~2/ARMGNU~1/14EFD8~1.2RE/bin/../lib/gcc/arm-none-eabi/14.2.1/thumb/v7e-m+fp/hard\libc_nano.a(libc_a-findfp.o)
                0x20000084                __sf
 .bss.__stdio_exit_handler
                0x200001bc        0x4 C:/PROGRA~2/ARMGNU~1/14EFD8~1.2RE/bin/../lib/gcc/arm-none-eabi/14.2.1/thumb/v7e-m+fp/hard\libc_nano.a(libc_a-findfp.o)
                0x200001bc                __stdio_exit_handler
 .bss.errno     0x200001c0        0x4 C:/PROGRA~2/ARMGNU~1/14EFD8~1.2RE/bin/../lib/gcc/arm-none-eabi/14.2.1/thumb/v7e-m+fp/hard\libc_nano.a(libc_a-reent.o)
                0x200001c0                errno
 .bss.__lock___malloc_recursive_mutex
                0x200001c4        0x1 C:/PROGRA~2/ARMGNU~1/14EFD8~1.2RE/bin/../lib/gcc/arm-none-eabi/14.2.1/thumb/v7e-m+fp/hard\libc_nano.a(libc_a-lock.o)
                0x200001c4                __lock___malloc_recursive_mutex
 .bss.__lock___sfp_recursive_mutex
                0x200001c5        0x1 C:/PROGRA~2/ARMGNU~1/14EFD8~1.2RE/bin/../lib/gcc/arm-none-eabi/14.2.1/thumb/v7e-m+fp/hard\libc_nano.a(libc_a-lock.o)
                0x200001c5                __lock___sfp_recursive_mutex
 *fill*         0x200001c6        0x2 
 .bss.__malloc_sbrk_start
                0x200001c8        0x4 C:/PROGRA~2/ARMGNU~1/14EFD8~1.2RE/bin/../lib/gcc/arm-none-eabi/14.2.1/thumb/v7e-m+fp/hard\libc_nano.a(libc_a-mallocr.o)
                0x200001c8                __malloc_sbrk_start
 .bss.__malloc_free_list
                0x200001cc        0x4 C:/PROGRA~2/ARMGNU~1/14EFD8~1.2RE/bin/../lib/gcc/arm-none-eabi/14.2.1/thumb/v7e-m+fp/hard\libc_nano.a(libc_a-mallocr.o)
                0x200001cc                __malloc_free_list
 .bss.huart2    0x200001d0       0x94 CMakeFiles/Nucleo_Learning.dir/Core/Src/main.c.obj
                0x200001d0                huart2
 .bss.hpb_exti  0x20000264        0x8 CMakeFiles/Nucleo_Learning.dir/Drivers/BSP/STM32G4xx_Nucleo/stm32g4xx_nucleo.c.obj
                0x20000264                hpb_exti
 .bss.uwTick    0x2000026c        0x4 CMakeFiles/Nucleo_Learning.dir/Drivers/STM32G4xx_HAL_Driver/Src/stm32g4xx_hal.c.obj
                0x2000026c                uwTick
 .bss.__sbrk_heap_end
                0x20000270        0x4 CMakeFiles/Nucleo_Learning.dir/Core/Src/sysmem.c.obj
 *(COMMON)
                0x20000274                        . = ALIGN (0x4)
                0x20000274                        _ebss = .
                0x20000274                        __bss_end__ = _ebss

._user_heap_stack
                0x20000274      0x604 load address 0x08003a90
                0x20000278                        . = ALIGN (0x8)
 *fill*         0x20000274        0x4 
                [!provide]                        PROVIDE (end = .)
                0x20000278                        PROVIDE (_end = .)
                0x20000478                        . = (. + _Min_Heap_Size)
 *fill*         0x20000278      0x200 
                0x20000878                        . = (. + _Min_Stack_Size)
 *fill*         0x20000478      0x400 
                0x20000878                        . = ALIGN (0x8)

/DISCARD/
 libc.a(*)
 libm.a(*)
 libgcc.a(*)
OUTPUT(Nucleo_Learning.elf elf32-littlearm)
LOAD linker stubs
LOAD C:/PROGRA~2/ARMGNU~1/14EFD8~1.2RE/bin/../lib/gcc/arm-none-eabi/14.2.1/thumb/v7e-m+fp/hard\libc.a
LOAD C:/PROGRA~2/ARMGNU~1/14EFD8~1.2RE/bin/../lib/gcc/arm-none-eabi/14.2.1/thumb/v7e-m+fp/hard\libm.a
LOAD C:/PROGRA~2/ARMGNU~1/14EFD8~1.2RE/bin/../lib/gcc/arm-none-eabi/14.2.1/thumb/v7e-m+fp/hard\libgcc.a

.ARM.attributes
                0x00000000       0x30
 .ARM.attributes
                0x00000000       0x22 C:/PROGRA~2/ARMGNU~1/14EFD8~1.2RE/bin/../lib/gcc/arm-none-eabi/14.2.1/thumb/v7e-m+fp/hard/crti.o
 .ARM.attributes
                0x00000022       0x34 C:/PROGRA~2/ARMGNU~1/14EFD8~1.2RE/bin/../lib/gcc/arm-none-eabi/14.2.1/thumb/v7e-m+fp/hard/crtbegin.o
 .ARM.attributes
                0x00000056       0x34 C:/PROGRA~2/ARMGNU~1/14EFD8~1.2RE/bin/../lib/gcc/arm-none-eabi/14.2.1/thumb/v7e-m+fp/hard\libc_nano.a(libc_a-findfp.o)
 .ARM.attributes
                0x0000008a       0x34 C:/PROGRA~2/ARMGNU~1/14EFD8~1.2RE/bin/../lib/gcc/arm-none-eabi/14.2.1/thumb/v7e-m+fp/hard\libc_nano.a(libc_a-fwalk.o)
 .ARM.attributes
                0x000000be       0x34 C:/PROGRA~2/ARMGNU~1/14EFD8~1.2RE/bin/../lib/gcc/arm-none-eabi/14.2.1/thumb/v7e-m+fp/hard\libc_nano.a(libc_a-stdio.o)
 .ARM.attributes
                0x000000f2       0x34 C:/PROGRA~2/ARMGNU~1/14EFD8~1.2RE/bin/../lib/gcc/arm-none-eabi/14.2.1/thumb/v7e-m+fp/hard\libc_nano.a(libc_a-memset.o)
 .ARM.attributes
                0x00000126       0x34 C:/PROGRA~2/ARMGNU~1/14EFD8~1.2RE/bin/../lib/gcc/arm-none-eabi/14.2.1/thumb/v7e-m+fp/hard\libc_nano.a(libc_a-closer.o)
 .ARM.attributes
                0x0000015a       0x34 C:/PROGRA~2/ARMGNU~1/14EFD8~1.2RE/bin/../lib/gcc/arm-none-eabi/14.2.1/thumb/v7e-m+fp/hard\libc_nano.a(libc_a-reent.o)
 .ARM.attributes
                0x0000018e       0x34 C:/PROGRA~2/ARMGNU~1/14EFD8~1.2RE/bin/../lib/gcc/arm-none-eabi/14.2.1/thumb/v7e-m+fp/hard\libc_nano.a(libc_a-impure.o)
 .ARM.attributes
                0x000001c2       0x34 C:/PROGRA~2/ARMGNU~1/14EFD8~1.2RE/bin/../lib/gcc/arm-none-eabi/14.2.1/thumb/v7e-m+fp/hard\libc_nano.a(libc_a-lseekr.o)
 .ARM.attributes
                0x000001f6       0x34 C:/PROGRA~2/ARMGNU~1/14EFD8~1.2RE/bin/../lib/gcc/arm-none-eabi/14.2.1/thumb/v7e-m+fp/hard\libc_nano.a(libc_a-readr.o)
 .ARM.attributes
                0x0000022a       0x34 C:/PROGRA~2/ARMGNU~1/14EFD8~1.2RE/bin/../lib/gcc/arm-none-eabi/14.2.1/thumb/v7e-m+fp/hard\libc_nano.a(libc_a-writer.o)
 .ARM.attributes
                0x0000025e       0x34 C:/PROGRA~2/ARMGNU~1/14EFD8~1.2RE/bin/../lib/gcc/arm-none-eabi/14.2.1/thumb/v7e-m+fp/hard\libc_nano.a(libc_a-init.o)
 .ARM.attributes
                0x00000292       0x34 C:/PROGRA~2/ARMGNU~1/14EFD8~1.2RE/bin/../lib/gcc/arm-none-eabi/14.2.1/thumb/v7e-m+fp/hard\libc_nano.a(libc_a-lock.o)
 .ARM.attributes
                0x000002c6       0x34 C:/PROGRA~2/ARMGNU~1/14EFD8~1.2RE/bin/../lib/gcc/arm-none-eabi/14.2.1/thumb/v7e-m+fp/hard\libc_nano.a(libc_a-freer.o)
 .ARM.attributes
                0x000002fa       0x34 C:/PROGRA~2/ARMGNU~1/14EFD8~1.2RE/bin/../lib/gcc/arm-none-eabi/14.2.1/thumb/v7e-m+fp/hard\libc_nano.a(libc_a-mallocr.o)
 .ARM.attributes
                0x0000032e       0x34 C:/PROGRA~2/ARMGNU~1/14EFD8~1.2RE/bin/../lib/gcc/arm-none-eabi/14.2.1/thumb/v7e-m+fp/hard\libc_nano.a(libc_a-mlock.o)
 .ARM.attributes
                0x00000362       0x34 C:/PROGRA~2/ARMGNU~1/14EFD8~1.2RE/bin/../lib/gcc/arm-none-eabi/14.2.1/thumb/v7e-m+fp/hard\libc_nano.a(libc_a-fflush.o)
 .ARM.attributes
                0x00000396       0x34 C:/PROGRA~2/ARMGNU~1/14EFD8~1.2RE/bin/../lib/gcc/arm-none-eabi/14.2.1/thumb/v7e-m+fp/hard\libc_nano.a(libc_a-sbrkr.o)
 .ARM.attributes
                0x000003ca       0x34 CMakeFiles/Nucleo_Learning.dir/Core/Src/main.c.obj
 .ARM.attributes
                0x000003fe       0x34 CMakeFiles/Nucleo_Learning.dir/Core/Src/stm32g4xx_it.c.obj
 .ARM.attributes
                0x00000432       0x34 CMakeFiles/Nucleo_Learning.dir/Core/Src/stm32g4xx_hal_msp.c.obj
 .ARM.attributes
                0x00000466       0x34 CMakeFiles/Nucleo_Learning.dir/Drivers/BSP/STM32G4xx_Nucleo/stm32g4xx_nucleo.c.obj
 .ARM.attributes
                0x0000049a       0x34 CMakeFiles/Nucleo_Learning.dir/Drivers/STM32G4xx_HAL_Driver/Src/stm32g4xx_hal.c.obj
 .ARM.attributes
                0x000004ce       0x34 CMakeFiles/Nucleo_Learning.dir/Drivers/STM32G4xx_HAL_Driver/Src/stm32g4xx_hal_rcc.c.obj
 .ARM.attributes
                0x00000502       0x34 CMakeFiles/Nucleo_Learning.dir/Drivers/STM32G4xx_HAL_Driver/Src/stm32g4xx_hal_rcc_ex.c.obj
 .ARM.attributes
                0x00000536       0x34 CMakeFiles/Nucleo_Learning.dir/Drivers/STM32G4xx_HAL_Driver/Src/stm32g4xx_hal_gpio.c.obj
 .ARM.attributes
                0x0000056a       0x34 CMakeFiles/Nucleo_Learning.dir/Drivers/STM32G4xx_HAL_Driver/Src/stm32g4xx_hal_exti.c.obj
 .ARM.attributes
                0x0000059e       0x34 CMakeFiles/Nucleo_Learning.dir/Drivers/STM32G4xx_HAL_Driver/Src/stm32g4xx_hal_pwr_ex.c.obj
 .ARM.attributes
                0x000005d2       0x34 CMakeFiles/Nucleo_Learning.dir/Drivers/STM32G4xx_HAL_Driver/Src/stm32g4xx_hal_cortex.c.obj
 .ARM.attributes
                0x00000606       0x34 CMakeFiles/Nucleo_Learning.dir/Drivers/STM32G4xx_HAL_Driver/Src/stm32g4xx_hal_uart.c.obj
 .ARM.attributes
                0x0000063a       0x34 CMakeFiles/Nucleo_Learning.dir/Drivers/STM32G4xx_HAL_Driver/Src/stm32g4xx_hal_uart_ex.c.obj
 .ARM.attributes
                0x0000066e       0x34 CMakeFiles/Nucleo_Learning.dir/Core/Src/system_stm32g4xx.c.obj
 .ARM.attributes
                0x000006a2       0x34 CMakeFiles/Nucleo_Learning.dir/Core/Src/sysmem.c.obj
 .ARM.attributes
                0x000006d6       0x34 CMakeFiles/Nucleo_Learning.dir/Core/Src/syscalls.c.obj
 .ARM.attributes
                0x0000070a       0x21 CMakeFiles/Nucleo_Learning.dir/startup_stm32g474xx.s.obj
 .ARM.attributes
                0x0000072b       0x22 C:/PROGRA~2/ARMGNU~1/14EFD8~1.2RE/bin/../lib/gcc/arm-none-eabi/14.2.1/thumb/v7e-m+fp/hard\libgcc.a(_aeabi_uldivmod.o)
 .ARM.attributes
                0x0000074d       0x34 C:/PROGRA~2/ARMGNU~1/14EFD8~1.2RE/bin/../lib/gcc/arm-none-eabi/14.2.1/thumb/v7e-m+fp/hard\libgcc.a(_udivmoddi4.o)
 .ARM.attributes
                0x00000781       0x22 C:/PROGRA~2/ARMGNU~1/14EFD8~1.2RE/bin/../lib/gcc/arm-none-eabi/14.2.1/thumb/v7e-m+fp/hard\libgcc.a(_dvmd_tls.o)
 .ARM.attributes
                0x000007a3       0x34 C:/PROGRA~2/ARMGNU~1/14EFD8~1.2RE/bin/../lib/gcc/arm-none-eabi/14.2.1/thumb/v7e-m+fp/hard\libg_nano.a(libc_a-puts.o)
 .ARM.attributes
                0x000007d7       0x34 C:/PROGRA~2/ARMGNU~1/14EFD8~1.2RE/bin/../lib/gcc/arm-none-eabi/14.2.1/thumb/v7e-m+fp/hard\libg_nano.a(libc_a-wbuf.o)
 .ARM.attributes
                0x0000080b       0x34 C:/PROGRA~2/ARMGNU~1/14EFD8~1.2RE/bin/../lib/gcc/arm-none-eabi/14.2.1/thumb/v7e-m+fp/hard\libg_nano.a(libc_a-wsetup.o)
 .ARM.attributes
                0x0000083f       0x34 C:/PROGRA~2/ARMGNU~1/14EFD8~1.2RE/bin/../lib/gcc/arm-none-eabi/14.2.1/thumb/v7e-m+fp/hard\libg_nano.a(libc_a-errno.o)
 .ARM.attributes
                0x00000873       0x17 C:/PROGRA~2/ARMGNU~1/14EFD8~1.2RE/bin/../lib/gcc/arm-none-eabi/14.2.1/thumb/v7e-m+fp/hard\libg_nano.a(libc_a-strlen.o)
 .ARM.attributes
                0x0000088a       0x34 C:/PROGRA~2/ARMGNU~1/14EFD8~1.2RE/bin/../lib/gcc/arm-none-eabi/14.2.1/thumb/v7e-m+fp/hard\libg_nano.a(libc_a-makebuf.o)
 .ARM.attributes
                0x000008be       0x34 C:/PROGRA~2/ARMGNU~1/14EFD8~1.2RE/bin/../lib/gcc/arm-none-eabi/14.2.1/thumb/v7e-m+fp/hard\libg_nano.a(libc_a-fstatr.o)
 .ARM.attributes
                0x000008f2       0x34 C:/PROGRA~2/ARMGNU~1/14EFD8~1.2RE/bin/../lib/gcc/arm-none-eabi/14.2.1/thumb/v7e-m+fp/hard\libg_nano.a(libc_a-isattyr.o)
 .ARM.attributes
                0x00000926       0x34 C:/PROGRA~2/ARMGNU~1/14EFD8~1.2RE/bin/../lib/gcc/arm-none-eabi/14.2.1/thumb/v7e-m+fp/hard/crtend.o
 .ARM.attributes
                0x0000095a       0x22 C:/PROGRA~2/ARMGNU~1/14EFD8~1.2RE/bin/../lib/gcc/arm-none-eabi/14.2.1/thumb/v7e-m+fp/hard/crtn.o

.comment        0x00000000       0x45
 .comment       0x00000000       0x45 CMakeFiles/Nucleo_Learning.dir/Core/Src/main.c.obj
                                 0x46 (size before relaxing)
 .comment       0x00000045       0x46 CMakeFiles/Nucleo_Learning.dir/Core/Src/stm32g4xx_it.c.obj
 .comment       0x00000045       0x46 CMakeFiles/Nucleo_Learning.dir/Core/Src/stm32g4xx_hal_msp.c.obj
 .comment       0x00000045       0x46 CMakeFiles/Nucleo_Learning.dir/Drivers/BSP/STM32G4xx_Nucleo/stm32g4xx_nucleo.c.obj
 .comment       0x00000045       0x46 CMakeFiles/Nucleo_Learning.dir/Drivers/STM32G4xx_HAL_Driver/Src/stm32g4xx_hal.c.obj
 .comment       0x00000045       0x46 CMakeFiles/Nucleo_Learning.dir/Drivers/STM32G4xx_HAL_Driver/Src/stm32g4xx_hal_rcc.c.obj
 .comment       0x00000045       0x46 CMakeFiles/Nucleo_Learning.dir/Drivers/STM32G4xx_HAL_Driver/Src/stm32g4xx_hal_rcc_ex.c.obj
 .comment       0x00000045       0x46 CMakeFiles/Nucleo_Learning.dir/Drivers/STM32G4xx_HAL_Driver/Src/stm32g4xx_hal_gpio.c.obj
 .comment       0x00000045       0x46 CMakeFiles/Nucleo_Learning.dir/Drivers/STM32G4xx_HAL_Driver/Src/stm32g4xx_hal_exti.c.obj
 .comment       0x00000045       0x46 CMakeFiles/Nucleo_Learning.dir/Drivers/STM32G4xx_HAL_Driver/Src/stm32g4xx_hal_pwr_ex.c.obj
 .comment       0x00000045       0x46 CMakeFiles/Nucleo_Learning.dir/Drivers/STM32G4xx_HAL_Driver/Src/stm32g4xx_hal_cortex.c.obj
 .comment       0x00000045       0x46 CMakeFiles/Nucleo_Learning.dir/Drivers/STM32G4xx_HAL_Driver/Src/stm32g4xx_hal_uart.c.obj
 .comment       0x00000045       0x46 CMakeFiles/Nucleo_Learning.dir/Drivers/STM32G4xx_HAL_Driver/Src/stm32g4xx_hal_uart_ex.c.obj
 .comment       0x00000045       0x46 CMakeFiles/Nucleo_Learning.dir/Core/Src/system_stm32g4xx.c.obj
 .comment       0x00000045       0x46 CMakeFiles/Nucleo_Learning.dir/Core/Src/sysmem.c.obj
 .comment       0x00000045       0x46 CMakeFiles/Nucleo_Learning.dir/Core/Src/syscalls.c.obj

.debug_frame    0x00000000     0x33c8
 .debug_frame   0x00000000      0x144 C:/PROGRA~2/ARMGNU~1/14EFD8~1.2RE/bin/../lib/gcc/arm-none-eabi/14.2.1/thumb/v7e-m+fp/hard\libc_nano.a(libc_a-findfp.o)
 .debug_frame   0x00000144       0x34 C:/PROGRA~2/ARMGNU~1/14EFD8~1.2RE/bin/../lib/gcc/arm-none-eabi/14.2.1/thumb/v7e-m+fp/hard\libc_nano.a(libc_a-fwalk.o)
 .debug_frame   0x00000178       0x88 C:/PROGRA~2/ARMGNU~1/14EFD8~1.2RE/bin/../lib/gcc/arm-none-eabi/14.2.1/thumb/v7e-m+fp/hard\libc_nano.a(libc_a-stdio.o)
 .debug_frame   0x00000200       0x20 C:/PROGRA~2/ARMGNU~1/14EFD8~1.2RE/bin/../lib/gcc/arm-none-eabi/14.2.1/thumb/v7e-m+fp/hard\libc_nano.a(libc_a-memset.o)
 .debug_frame   0x00000220       0x2c C:/PROGRA~2/ARMGNU~1/14EFD8~1.2RE/bin/../lib/gcc/arm-none-eabi/14.2.1/thumb/v7e-m+fp/hard\libc_nano.a(libc_a-closer.o)
 .debug_frame   0x0000024c       0x38 C:/PROGRA~2/ARMGNU~1/14EFD8~1.2RE/bin/../lib/gcc/arm-none-eabi/14.2.1/thumb/v7e-m+fp/hard\libc_nano.a(libc_a-reent.o)
 .debug_frame   0x00000284       0x2c C:/PROGRA~2/ARMGNU~1/14EFD8~1.2RE/bin/../lib/gcc/arm-none-eabi/14.2.1/thumb/v7e-m+fp/hard\libc_nano.a(libc_a-lseekr.o)
 .debug_frame   0x000002b0       0x2c C:/PROGRA~2/ARMGNU~1/14EFD8~1.2RE/bin/../lib/gcc/arm-none-eabi/14.2.1/thumb/v7e-m+fp/hard\libc_nano.a(libc_a-readr.o)
 .debug_frame   0x000002dc       0x2c C:/PROGRA~2/ARMGNU~1/14EFD8~1.2RE/bin/../lib/gcc/arm-none-eabi/14.2.1/thumb/v7e-m+fp/hard\libc_nano.a(libc_a-writer.o)
 .debug_frame   0x00000308       0x2c C:/PROGRA~2/ARMGNU~1/14EFD8~1.2RE/bin/../lib/gcc/arm-none-eabi/14.2.1/thumb/v7e-m+fp/hard\libc_nano.a(libc_a-init.o)
 .debug_frame   0x00000334       0xb0 C:/PROGRA~2/ARMGNU~1/14EFD8~1.2RE/bin/../lib/gcc/arm-none-eabi/14.2.1/thumb/v7e-m+fp/hard\libc_nano.a(libc_a-lock.o)
 .debug_frame   0x000003e4       0x38 C:/PROGRA~2/ARMGNU~1/14EFD8~1.2RE/bin/../lib/gcc/arm-none-eabi/14.2.1/thumb/v7e-m+fp/hard\libc_nano.a(libc_a-freer.o)
 .debug_frame   0x0000041c       0x50 C:/PROGRA~2/ARMGNU~1/14EFD8~1.2RE/bin/../lib/gcc/arm-none-eabi/14.2.1/thumb/v7e-m+fp/hard\libc_nano.a(libc_a-mallocr.o)
 .debug_frame   0x0000046c       0x30 C:/PROGRA~2/ARMGNU~1/14EFD8~1.2RE/bin/../lib/gcc/arm-none-eabi/14.2.1/thumb/v7e-m+fp/hard\libc_nano.a(libc_a-mlock.o)
 .debug_frame   0x0000049c       0x5c C:/PROGRA~2/ARMGNU~1/14EFD8~1.2RE/bin/../lib/gcc/arm-none-eabi/14.2.1/thumb/v7e-m+fp/hard\libc_nano.a(libc_a-fflush.o)
 .debug_frame   0x000004f8       0x2c C:/PROGRA~2/ARMGNU~1/14EFD8~1.2RE/bin/../lib/gcc/arm-none-eabi/14.2.1/thumb/v7e-m+fp/hard\libc_nano.a(libc_a-sbrkr.o)
 .debug_frame   0x00000524       0xd8 CMakeFiles/Nucleo_Learning.dir/Core/Src/main.c.obj
 .debug_frame   0x000005fc      0x120 CMakeFiles/Nucleo_Learning.dir/Core/Src/stm32g4xx_it.c.obj
 .debug_frame   0x0000071c       0x80 CMakeFiles/Nucleo_Learning.dir/Core/Src/stm32g4xx_hal_msp.c.obj
 .debug_frame   0x0000079c      0x31c CMakeFiles/Nucleo_Learning.dir/Drivers/BSP/STM32G4xx_Nucleo/stm32g4xx_nucleo.c.obj
 .debug_frame   0x00000ab8      0x500 CMakeFiles/Nucleo_Learning.dir/Drivers/STM32G4xx_HAL_Driver/Src/stm32g4xx_hal.c.obj
 .debug_frame   0x00000fb8      0x23c CMakeFiles/Nucleo_Learning.dir/Drivers/STM32G4xx_HAL_Driver/Src/stm32g4xx_hal_rcc.c.obj
 .debug_frame   0x000011f4      0x2ac CMakeFiles/Nucleo_Learning.dir/Drivers/STM32G4xx_HAL_Driver/Src/stm32g4xx_hal_rcc_ex.c.obj
 .debug_frame   0x000014a0      0x14c CMakeFiles/Nucleo_Learning.dir/Drivers/STM32G4xx_HAL_Driver/Src/stm32g4xx_hal_gpio.c.obj
 .debug_frame   0x000015ec      0x174 CMakeFiles/Nucleo_Learning.dir/Drivers/STM32G4xx_HAL_Driver/Src/stm32g4xx_hal_exti.c.obj
 .debug_frame   0x00001760      0x4fc CMakeFiles/Nucleo_Learning.dir/Drivers/STM32G4xx_HAL_Driver/Src/stm32g4xx_hal_pwr_ex.c.obj
 .debug_frame   0x00001c5c      0x4e8 CMakeFiles/Nucleo_Learning.dir/Drivers/STM32G4xx_HAL_Driver/Src/stm32g4xx_hal_cortex.c.obj
 .debug_frame   0x00002144      0xa94 CMakeFiles/Nucleo_Learning.dir/Drivers/STM32G4xx_HAL_Driver/Src/stm32g4xx_hal_uart.c.obj
 .debug_frame   0x00002bd8      0x2c0 CMakeFiles/Nucleo_Learning.dir/Drivers/STM32G4xx_HAL_Driver/Src/stm32g4xx_hal_uart_ex.c.obj
 .debug_frame   0x00002e98       0x58 CMakeFiles/Nucleo_Learning.dir/Core/Src/system_stm32g4xx.c.obj
 .debug_frame   0x00002ef0       0x34 CMakeFiles/Nucleo_Learning.dir/Core/Src/sysmem.c.obj
 .debug_frame   0x00002f24      0x2ac CMakeFiles/Nucleo_Learning.dir/Core/Src/syscalls.c.obj
 .debug_frame   0x000031d0       0x2c C:/PROGRA~2/ARMGNU~1/14EFD8~1.2RE/bin/../lib/gcc/arm-none-eabi/14.2.1/thumb/v7e-m+fp/hard\libgcc.a(_aeabi_uldivmod.o)
 .debug_frame   0x000031fc       0x34 C:/PROGRA~2/ARMGNU~1/14EFD8~1.2RE/bin/../lib/gcc/arm-none-eabi/14.2.1/thumb/v7e-m+fp/hard\libgcc.a(_udivmoddi4.o)
 .debug_frame   0x00003230       0x3c C:/PROGRA~2/ARMGNU~1/14EFD8~1.2RE/bin/../lib/gcc/arm-none-eabi/14.2.1/thumb/v7e-m+fp/hard\libg_nano.a(libc_a-puts.o)
 .debug_frame   0x0000326c       0x40 C:/PROGRA~2/ARMGNU~1/14EFD8~1.2RE/bin/../lib/gcc/arm-none-eabi/14.2.1/thumb/v7e-m+fp/hard\libg_nano.a(libc_a-wbuf.o)
 .debug_frame   0x000032ac       0x2c C:/PROGRA~2/ARMGNU~1/14EFD8~1.2RE/bin/../lib/gcc/arm-none-eabi/14.2.1/thumb/v7e-m+fp/hard\libg_nano.a(libc_a-wsetup.o)
 .debug_frame   0x000032d8       0x20 C:/PROGRA~2/ARMGNU~1/14EFD8~1.2RE/bin/../lib/gcc/arm-none-eabi/14.2.1/thumb/v7e-m+fp/hard\libg_nano.a(libc_a-errno.o)
 .debug_frame   0x000032f8       0x20 C:/PROGRA~2/ARMGNU~1/14EFD8~1.2RE/bin/../lib/gcc/arm-none-eabi/14.2.1/thumb/v7e-m+fp/hard\libg_nano.a(libc_a-strlen.o)
 .debug_frame   0x00003318       0x58 C:/PROGRA~2/ARMGNU~1/14EFD8~1.2RE/bin/../lib/gcc/arm-none-eabi/14.2.1/thumb/v7e-m+fp/hard\libg_nano.a(libc_a-makebuf.o)
 .debug_frame   0x00003370       0x2c C:/PROGRA~2/ARMGNU~1/14EFD8~1.2RE/bin/../lib/gcc/arm-none-eabi/14.2.1/thumb/v7e-m+fp/hard\libg_nano.a(libc_a-fstatr.o)
 .debug_frame   0x0000339c       0x2c C:/PROGRA~2/ARMGNU~1/14EFD8~1.2RE/bin/../lib/gcc/arm-none-eabi/14.2.1/thumb/v7e-m+fp/hard\libg_nano.a(libc_a-isattyr.o)

.debug_info     0x00000000     0xe390
 .debug_info    0x00000000      0xf1b CMakeFiles/Nucleo_Learning.dir/Core/Src/main.c.obj
 .debug_info    0x00000f1b      0x162 CMakeFiles/Nucleo_Learning.dir/Core/Src/stm32g4xx_it.c.obj
 .debug_info    0x0000107d      0xd73 CMakeFiles/Nucleo_Learning.dir/Core/Src/stm32g4xx_hal_msp.c.obj
 .debug_info    0x00001df0     0x174a CMakeFiles/Nucleo_Learning.dir/Drivers/BSP/STM32G4xx_Nucleo/stm32g4xx_nucleo.c.obj
 .debug_info    0x0000353a      0xb95 CMakeFiles/Nucleo_Learning.dir/Drivers/STM32G4xx_HAL_Driver/Src/stm32g4xx_hal.c.obj
 .debug_info    0x000040cf      0xbe0 CMakeFiles/Nucleo_Learning.dir/Drivers/STM32G4xx_HAL_Driver/Src/stm32g4xx_hal_rcc.c.obj
 .debug_info    0x00004caf      0xc45 CMakeFiles/Nucleo_Learning.dir/Drivers/STM32G4xx_HAL_Driver/Src/stm32g4xx_hal_rcc_ex.c.obj
 .debug_info    0x000058f4      0x763 CMakeFiles/Nucleo_Learning.dir/Drivers/STM32G4xx_HAL_Driver/Src/stm32g4xx_hal_gpio.c.obj
 .debug_info    0x00006057      0x63d CMakeFiles/Nucleo_Learning.dir/Drivers/STM32G4xx_HAL_Driver/Src/stm32g4xx_hal_exti.c.obj
 .debug_info    0x00006694      0x93f CMakeFiles/Nucleo_Learning.dir/Drivers/STM32G4xx_HAL_Driver/Src/stm32g4xx_hal_pwr_ex.c.obj
 .debug_info    0x00006fd3      0xdf9 CMakeFiles/Nucleo_Learning.dir/Drivers/STM32G4xx_HAL_Driver/Src/stm32g4xx_hal_cortex.c.obj
 .debug_info    0x00007dcc     0x481e CMakeFiles/Nucleo_Learning.dir/Drivers/STM32G4xx_HAL_Driver/Src/stm32g4xx_hal_uart.c.obj
 .debug_info    0x0000c5ea      0xfdd CMakeFiles/Nucleo_Learning.dir/Drivers/STM32G4xx_HAL_Driver/Src/stm32g4xx_hal_uart_ex.c.obj
 .debug_info    0x0000d5c7      0x58e CMakeFiles/Nucleo_Learning.dir/Core/Src/system_stm32g4xx.c.obj
 .debug_info    0x0000db55      0x168 CMakeFiles/Nucleo_Learning.dir/Core/Src/sysmem.c.obj
 .debug_info    0x0000dcbd      0x6a3 CMakeFiles/Nucleo_Learning.dir/Core/Src/syscalls.c.obj
 .debug_info    0x0000e360       0x30 CMakeFiles/Nucleo_Learning.dir/startup_stm32g474xx.s.obj

.debug_abbrev   0x00000000     0x21da
 .debug_abbrev  0x00000000      0x26c CMakeFiles/Nucleo_Learning.dir/Core/Src/main.c.obj
 .debug_abbrev  0x0000026c       0xbc CMakeFiles/Nucleo_Learning.dir/Core/Src/stm32g4xx_it.c.obj
 .debug_abbrev  0x00000328      0x1e4 CMakeFiles/Nucleo_Learning.dir/Core/Src/stm32g4xx_hal_msp.c.obj
 .debug_abbrev  0x0000050c      0x2fb CMakeFiles/Nucleo_Learning.dir/Drivers/BSP/STM32G4xx_Nucleo/stm32g4xx_nucleo.c.obj
 .debug_abbrev  0x00000807      0x271 CMakeFiles/Nucleo_Learning.dir/Drivers/STM32G4xx_HAL_Driver/Src/stm32g4xx_hal.c.obj
 .debug_abbrev  0x00000a78      0x2c9 CMakeFiles/Nucleo_Learning.dir/Drivers/STM32G4xx_HAL_Driver/Src/stm32g4xx_hal_rcc.c.obj
 .debug_abbrev  0x00000d41      0x258 CMakeFiles/Nucleo_Learning.dir/Drivers/STM32G4xx_HAL_Driver/Src/stm32g4xx_hal_rcc_ex.c.obj
 .debug_abbrev  0x00000f99      0x1cb CMakeFiles/Nucleo_Learning.dir/Drivers/STM32G4xx_HAL_Driver/Src/stm32g4xx_hal_gpio.c.obj
 .debug_abbrev  0x00001164      0x1a8 CMakeFiles/Nucleo_Learning.dir/Drivers/STM32G4xx_HAL_Driver/Src/stm32g4xx_hal_exti.c.obj
 .debug_abbrev  0x0000130c      0x22c CMakeFiles/Nucleo_Learning.dir/Drivers/STM32G4xx_HAL_Driver/Src/stm32g4xx_hal_pwr_ex.c.obj
 .debug_abbrev  0x00001538      0x31c CMakeFiles/Nucleo_Learning.dir/Drivers/STM32G4xx_HAL_Driver/Src/stm32g4xx_hal_cortex.c.obj
 .debug_abbrev  0x00001854      0x304 CMakeFiles/Nucleo_Learning.dir/Drivers/STM32G4xx_HAL_Driver/Src/stm32g4xx_hal_uart.c.obj
 .debug_abbrev  0x00001b58      0x2d2 CMakeFiles/Nucleo_Learning.dir/Drivers/STM32G4xx_HAL_Driver/Src/stm32g4xx_hal_uart_ex.c.obj
 .debug_abbrev  0x00001e2a      0x11a CMakeFiles/Nucleo_Learning.dir/Core/Src/system_stm32g4xx.c.obj
 .debug_abbrev  0x00001f44       0xbc CMakeFiles/Nucleo_Learning.dir/Core/Src/sysmem.c.obj
 .debug_abbrev  0x00002000      0x1b6 CMakeFiles/Nucleo_Learning.dir/Core/Src/syscalls.c.obj
 .debug_abbrev  0x000021b6       0x24 CMakeFiles/Nucleo_Learning.dir/startup_stm32g474xx.s.obj

.debug_aranges  0x00000000      0xb60
 .debug_aranges
                0x00000000       0x48 CMakeFiles/Nucleo_Learning.dir/Core/Src/main.c.obj
 .debug_aranges
                0x00000048       0x68 CMakeFiles/Nucleo_Learning.dir/Core/Src/stm32g4xx_it.c.obj
 .debug_aranges
                0x000000b0       0x30 CMakeFiles/Nucleo_Learning.dir/Core/Src/stm32g4xx_hal_msp.c.obj
 .debug_aranges
                0x000000e0       0xc8 CMakeFiles/Nucleo_Learning.dir/Drivers/BSP/STM32G4xx_Nucleo/stm32g4xx_nucleo.c.obj
 .debug_aranges
                0x000001a8      0x148 CMakeFiles/Nucleo_Learning.dir/Drivers/STM32G4xx_HAL_Driver/Src/stm32g4xx_hal.c.obj
 .debug_aranges
                0x000002f0       0x98 CMakeFiles/Nucleo_Learning.dir/Drivers/STM32G4xx_HAL_Driver/Src/stm32g4xx_hal_rcc.c.obj
 .debug_aranges
                0x00000388       0xb0 CMakeFiles/Nucleo_Learning.dir/Drivers/STM32G4xx_HAL_Driver/Src/stm32g4xx_hal_rcc_ex.c.obj
 .debug_aranges
                0x00000438       0x58 CMakeFiles/Nucleo_Learning.dir/Drivers/STM32G4xx_HAL_Driver/Src/stm32g4xx_hal_gpio.c.obj
 .debug_aranges
                0x00000490       0x60 CMakeFiles/Nucleo_Learning.dir/Drivers/STM32G4xx_HAL_Driver/Src/stm32g4xx_hal_exti.c.obj
 .debug_aranges
                0x000004f0      0x140 CMakeFiles/Nucleo_Learning.dir/Drivers/STM32G4xx_HAL_Driver/Src/stm32g4xx_hal_pwr_ex.c.obj
 .debug_aranges
                0x00000630      0x128 CMakeFiles/Nucleo_Learning.dir/Drivers/STM32G4xx_HAL_Driver/Src/stm32g4xx_hal_cortex.c.obj
 .debug_aranges
                0x00000758      0x248 CMakeFiles/Nucleo_Learning.dir/Drivers/STM32G4xx_HAL_Driver/Src/stm32g4xx_hal_uart.c.obj
 .debug_aranges
                0x000009a0       0xa8 CMakeFiles/Nucleo_Learning.dir/Drivers/STM32G4xx_HAL_Driver/Src/stm32g4xx_hal_uart_ex.c.obj
 .debug_aranges
                0x00000a48       0x28 CMakeFiles/Nucleo_Learning.dir/Core/Src/system_stm32g4xx.c.obj
 .debug_aranges
                0x00000a70       0x20 CMakeFiles/Nucleo_Learning.dir/Core/Src/sysmem.c.obj
 .debug_aranges
                0x00000a90       0xa8 CMakeFiles/Nucleo_Learning.dir/Core/Src/syscalls.c.obj
 .debug_aranges
                0x00000b38       0x28 CMakeFiles/Nucleo_Learning.dir/startup_stm32g474xx.s.obj

.debug_rnglists
                0x00000000      0x8a4
 .debug_rnglists
                0x00000000       0x34 CMakeFiles/Nucleo_Learning.dir/Core/Src/main.c.obj
 .debug_rnglists
                0x00000034       0x49 CMakeFiles/Nucleo_Learning.dir/Core/Src/stm32g4xx_it.c.obj
 .debug_rnglists
                0x0000007d       0x20 CMakeFiles/Nucleo_Learning.dir/Core/Src/stm32g4xx_hal_msp.c.obj
 .debug_rnglists
                0x0000009d       0x93 CMakeFiles/Nucleo_Learning.dir/Drivers/BSP/STM32G4xx_Nucleo/stm32g4xx_nucleo.c.obj
 .debug_rnglists
                0x00000130       0xf1 CMakeFiles/Nucleo_Learning.dir/Drivers/STM32G4xx_HAL_Driver/Src/stm32g4xx_hal.c.obj
 .debug_rnglists
                0x00000221       0x74 CMakeFiles/Nucleo_Learning.dir/Drivers/STM32G4xx_HAL_Driver/Src/stm32g4xx_hal_rcc.c.obj
 .debug_rnglists
                0x00000295       0x87 CMakeFiles/Nucleo_Learning.dir/Drivers/STM32G4xx_HAL_Driver/Src/stm32g4xx_hal_rcc_ex.c.obj
 .debug_rnglists
                0x0000031c       0x3f CMakeFiles/Nucleo_Learning.dir/Drivers/STM32G4xx_HAL_Driver/Src/stm32g4xx_hal_gpio.c.obj
 .debug_rnglists
                0x0000035b       0x46 CMakeFiles/Nucleo_Learning.dir/Drivers/STM32G4xx_HAL_Driver/Src/stm32g4xx_hal_exti.c.obj
 .debug_rnglists
                0x000003a1       0xf1 CMakeFiles/Nucleo_Learning.dir/Drivers/STM32G4xx_HAL_Driver/Src/stm32g4xx_hal_pwr_ex.c.obj
 .debug_rnglists
                0x00000492       0xda CMakeFiles/Nucleo_Learning.dir/Drivers/STM32G4xx_HAL_Driver/Src/stm32g4xx_hal_cortex.c.obj
 .debug_rnglists
                0x0000056c      0x1fa CMakeFiles/Nucleo_Learning.dir/Drivers/STM32G4xx_HAL_Driver/Src/stm32g4xx_hal_uart.c.obj
 .debug_rnglists
                0x00000766       0x7f CMakeFiles/Nucleo_Learning.dir/Drivers/STM32G4xx_HAL_Driver/Src/stm32g4xx_hal_uart_ex.c.obj
 .debug_rnglists
                0x000007e5       0x1a CMakeFiles/Nucleo_Learning.dir/Core/Src/system_stm32g4xx.c.obj
 .debug_rnglists
                0x000007ff       0x13 CMakeFiles/Nucleo_Learning.dir/Core/Src/sysmem.c.obj
 .debug_rnglists
                0x00000812       0x79 CMakeFiles/Nucleo_Learning.dir/Core/Src/syscalls.c.obj
 .debug_rnglists
                0x0000088b       0x19 CMakeFiles/Nucleo_Learning.dir/startup_stm32g474xx.s.obj

.debug_macro    0x00000000    0x260e8
 .debug_macro   0x00000000      0x2de CMakeFiles/Nucleo_Learning.dir/Core/Src/main.c.obj
 .debug_macro   0x000002de      0xade CMakeFiles/Nucleo_Learning.dir/Core/Src/main.c.obj
 .debug_macro   0x00000dbc      0x155 CMakeFiles/Nucleo_Learning.dir/Core/Src/main.c.obj
 .debug_macro   0x00000f11       0x2e CMakeFiles/Nucleo_Learning.dir/Core/Src/main.c.obj
 .debug_macro   0x00000f3f       0x28 CMakeFiles/Nucleo_Learning.dir/Core/Src/main.c.obj
 .debug_macro   0x00000f67       0x22 CMakeFiles/Nucleo_Learning.dir/Core/Src/main.c.obj
 .debug_macro   0x00000f89       0x8e CMakeFiles/Nucleo_Learning.dir/Core/Src/main.c.obj
 .debug_macro   0x00001017       0x51 CMakeFiles/Nucleo_Learning.dir/Core/Src/main.c.obj
 .debug_macro   0x00001068      0x103 CMakeFiles/Nucleo_Learning.dir/Core/Src/main.c.obj
 .debug_macro   0x0000116b       0x6a CMakeFiles/Nucleo_Learning.dir/Core/Src/main.c.obj
 .debug_macro   0x000011d5      0x1df CMakeFiles/Nucleo_Learning.dir/Core/Src/main.c.obj
 .debug_macro   0x000013b4       0x1c CMakeFiles/Nucleo_Learning.dir/Core/Src/main.c.obj
 .debug_macro   0x000013d0       0x22 CMakeFiles/Nucleo_Learning.dir/Core/Src/main.c.obj
 .debug_macro   0x000013f2       0xfb CMakeFiles/Nucleo_Learning.dir/Core/Src/main.c.obj
 .debug_macro   0x000014ed     0x1011 CMakeFiles/Nucleo_Learning.dir/Core/Src/main.c.obj
 .debug_macro   0x000024fe      0x11f CMakeFiles/Nucleo_Learning.dir/Core/Src/main.c.obj
 .debug_macro   0x0000261d    0x18b8c CMakeFiles/Nucleo_Learning.dir/Core/Src/main.c.obj
 .debug_macro   0x0001b1a9       0x6d CMakeFiles/Nucleo_Learning.dir/Core/Src/main.c.obj
 .debug_macro   0x0001b216     0x3558 CMakeFiles/Nucleo_Learning.dir/Core/Src/main.c.obj
 .debug_macro   0x0001e76e      0x190 CMakeFiles/Nucleo_Learning.dir/Core/Src/main.c.obj
 .debug_macro   0x0001e8fe       0x5c CMakeFiles/Nucleo_Learning.dir/Core/Src/main.c.obj
 .debug_macro   0x0001e95a     0x171f CMakeFiles/Nucleo_Learning.dir/Core/Src/main.c.obj
 .debug_macro   0x00020079      0x600 CMakeFiles/Nucleo_Learning.dir/Core/Src/main.c.obj
 .debug_macro   0x00020679      0x1b6 CMakeFiles/Nucleo_Learning.dir/Core/Src/main.c.obj
 .debug_macro   0x0002082f      0x34a CMakeFiles/Nucleo_Learning.dir/Core/Src/main.c.obj
 .debug_macro   0x00020b79      0x53c CMakeFiles/Nucleo_Learning.dir/Core/Src/main.c.obj
 .debug_macro   0x000210b5      0x18b CMakeFiles/Nucleo_Learning.dir/Core/Src/main.c.obj
 .debug_macro   0x00021240       0x43 CMakeFiles/Nucleo_Learning.dir/Core/Src/main.c.obj
 .debug_macro   0x00021283      0x23d CMakeFiles/Nucleo_Learning.dir/Core/Src/main.c.obj
 .debug_macro   0x000214c0      0x211 CMakeFiles/Nucleo_Learning.dir/Core/Src/main.c.obj
 .debug_macro   0x000216d1      0x45c CMakeFiles/Nucleo_Learning.dir/Core/Src/main.c.obj
 .debug_macro   0x00021b2d      0x11c CMakeFiles/Nucleo_Learning.dir/Core/Src/main.c.obj
 .debug_macro   0x00021c49      0x122 CMakeFiles/Nucleo_Learning.dir/Core/Src/main.c.obj
 .debug_macro   0x00021d6b      0x3d1 CMakeFiles/Nucleo_Learning.dir/Core/Src/main.c.obj
 .debug_macro   0x0002213c      0x693 CMakeFiles/Nucleo_Learning.dir/Core/Src/main.c.obj
 .debug_macro   0x000227cf       0xa6 CMakeFiles/Nucleo_Learning.dir/Core/Src/main.c.obj
 .debug_macro   0x00022875      0x358 CMakeFiles/Nucleo_Learning.dir/Core/Src/main.c.obj
 .debug_macro   0x00022bcd       0x52 CMakeFiles/Nucleo_Learning.dir/Core/Src/main.c.obj
 .debug_macro   0x00022c1f       0x22 CMakeFiles/Nucleo_Learning.dir/Core/Src/main.c.obj
 .debug_macro   0x00022c41      0x100 CMakeFiles/Nucleo_Learning.dir/Core/Src/main.c.obj
 .debug_macro   0x00022d41       0x7b CMakeFiles/Nucleo_Learning.dir/Core/Src/main.c.obj
 .debug_macro   0x00022dbc       0x2a CMakeFiles/Nucleo_Learning.dir/Core/Src/main.c.obj
 .debug_macro   0x00022de6       0x3c CMakeFiles/Nucleo_Learning.dir/Core/Src/main.c.obj
 .debug_macro   0x00022e22       0x34 CMakeFiles/Nucleo_Learning.dir/Core/Src/main.c.obj
 .debug_macro   0x00022e56       0x16 CMakeFiles/Nucleo_Learning.dir/Core/Src/main.c.obj
 .debug_macro   0x00022e6c       0x3c CMakeFiles/Nucleo_Learning.dir/Core/Src/main.c.obj
 .debug_macro   0x00022ea8      0x364 CMakeFiles/Nucleo_Learning.dir/Core/Src/main.c.obj
 .debug_macro   0x0002320c       0x10 CMakeFiles/Nucleo_Learning.dir/Core/Src/main.c.obj
 .debug_macro   0x0002321c       0x16 CMakeFiles/Nucleo_Learning.dir/Core/Src/main.c.obj
 .debug_macro   0x00023232       0x4a CMakeFiles/Nucleo_Learning.dir/Core/Src/main.c.obj
 .debug_macro   0x0002327c       0x34 CMakeFiles/Nucleo_Learning.dir/Core/Src/main.c.obj
 .debug_macro   0x000232b0       0x10 CMakeFiles/Nucleo_Learning.dir/Core/Src/main.c.obj
 .debug_macro   0x000232c0       0x58 CMakeFiles/Nucleo_Learning.dir/Core/Src/main.c.obj
 .debug_macro   0x00023318      0x1e5 CMakeFiles/Nucleo_Learning.dir/Core/Src/main.c.obj
 .debug_macro   0x000234fd       0x16 CMakeFiles/Nucleo_Learning.dir/Core/Src/main.c.obj
 .debug_macro   0x00023513       0x16 CMakeFiles/Nucleo_Learning.dir/Core/Src/main.c.obj
 .debug_macro   0x00023529      0x170 CMakeFiles/Nucleo_Learning.dir/Core/Src/main.c.obj
 .debug_macro   0x00023699       0x58 CMakeFiles/Nucleo_Learning.dir/Core/Src/main.c.obj
 .debug_macro   0x000236f1       0x16 CMakeFiles/Nucleo_Learning.dir/Core/Src/main.c.obj
 .debug_macro   0x00023707      0x2bd CMakeFiles/Nucleo_Learning.dir/Core/Src/stm32g4xx_it.c.obj
 .debug_macro   0x000239c4      0x2b3 CMakeFiles/Nucleo_Learning.dir/Core/Src/stm32g4xx_hal_msp.c.obj
 .debug_macro   0x00023c77      0x1e7 CMakeFiles/Nucleo_Learning.dir/Drivers/BSP/STM32G4xx_Nucleo/stm32g4xx_nucleo.c.obj
 .debug_macro   0x00023e5e       0x1c CMakeFiles/Nucleo_Learning.dir/Drivers/BSP/STM32G4xx_Nucleo/stm32g4xx_nucleo.c.obj
 .debug_macro   0x00023e7a      0x208 CMakeFiles/Nucleo_Learning.dir/Drivers/STM32G4xx_HAL_Driver/Src/stm32g4xx_hal.c.obj
 .debug_macro   0x00024082      0x1fc CMakeFiles/Nucleo_Learning.dir/Drivers/STM32G4xx_HAL_Driver/Src/stm32g4xx_hal_rcc.c.obj
 .debug_macro   0x0002427e      0x1e4 CMakeFiles/Nucleo_Learning.dir/Drivers/STM32G4xx_HAL_Driver/Src/stm32g4xx_hal_rcc_ex.c.obj
 .debug_macro   0x00024462      0x1c1 CMakeFiles/Nucleo_Learning.dir/Drivers/STM32G4xx_HAL_Driver/Src/stm32g4xx_hal_gpio.c.obj
 .debug_macro   0x00024623      0x1c6 CMakeFiles/Nucleo_Learning.dir/Drivers/STM32G4xx_HAL_Driver/Src/stm32g4xx_hal_exti.c.obj
 .debug_macro   0x000247e9      0x1e4 CMakeFiles/Nucleo_Learning.dir/Drivers/STM32G4xx_HAL_Driver/Src/stm32g4xx_hal_pwr_ex.c.obj
 .debug_macro   0x000249cd      0x1ba CMakeFiles/Nucleo_Learning.dir/Drivers/STM32G4xx_HAL_Driver/Src/stm32g4xx_hal_cortex.c.obj
 .debug_macro   0x00024b87      0x1e5 CMakeFiles/Nucleo_Learning.dir/Drivers/STM32G4xx_HAL_Driver/Src/stm32g4xx_hal_uart.c.obj
 .debug_macro   0x00024d6c      0x1c6 CMakeFiles/Nucleo_Learning.dir/Drivers/STM32G4xx_HAL_Driver/Src/stm32g4xx_hal_uart_ex.c.obj
 .debug_macro   0x00024f32      0x1ba CMakeFiles/Nucleo_Learning.dir/Core/Src/system_stm32g4xx.c.obj
 .debug_macro   0x000250ec       0xff CMakeFiles/Nucleo_Learning.dir/Core/Src/sysmem.c.obj
 .debug_macro   0x000251eb       0x10 CMakeFiles/Nucleo_Learning.dir/Core/Src/sysmem.c.obj
 .debug_macro   0x000251fb       0x75 CMakeFiles/Nucleo_Learning.dir/Core/Src/sysmem.c.obj
 .debug_macro   0x00025270       0x94 CMakeFiles/Nucleo_Learning.dir/Core/Src/sysmem.c.obj
 .debug_macro   0x00025304       0x57 CMakeFiles/Nucleo_Learning.dir/Core/Src/sysmem.c.obj
 .debug_macro   0x0002535b      0x23c CMakeFiles/Nucleo_Learning.dir/Core/Src/sysmem.c.obj
 .debug_macro   0x00025597      0x265 CMakeFiles/Nucleo_Learning.dir/Core/Src/syscalls.c.obj
 .debug_macro   0x000257fc       0x10 CMakeFiles/Nucleo_Learning.dir/Core/Src/syscalls.c.obj
 .debug_macro   0x0002580c       0x10 CMakeFiles/Nucleo_Learning.dir/Core/Src/syscalls.c.obj
 .debug_macro   0x0002581c       0x10 CMakeFiles/Nucleo_Learning.dir/Core/Src/syscalls.c.obj
 .debug_macro   0x0002582c       0x10 CMakeFiles/Nucleo_Learning.dir/Core/Src/syscalls.c.obj
 .debug_macro   0x0002583c       0x1c CMakeFiles/Nucleo_Learning.dir/Core/Src/syscalls.c.obj
 .debug_macro   0x00025858       0x52 CMakeFiles/Nucleo_Learning.dir/Core/Src/syscalls.c.obj
 .debug_macro   0x000258aa       0x22 CMakeFiles/Nucleo_Learning.dir/Core/Src/syscalls.c.obj
 .debug_macro   0x000258cc       0x10 CMakeFiles/Nucleo_Learning.dir/Core/Src/syscalls.c.obj
 .debug_macro   0x000258dc       0x52 CMakeFiles/Nucleo_Learning.dir/Core/Src/syscalls.c.obj
 .debug_macro   0x0002592e       0xcf CMakeFiles/Nucleo_Learning.dir/Core/Src/syscalls.c.obj
 .debug_macro   0x000259fd       0x1c CMakeFiles/Nucleo_Learning.dir/Core/Src/syscalls.c.obj
 .debug_macro   0x00025a19       0x3d CMakeFiles/Nucleo_Learning.dir/Core/Src/syscalls.c.obj
 .debug_macro   0x00025a56       0x35 CMakeFiles/Nucleo_Learning.dir/Core/Src/syscalls.c.obj
 .debug_macro   0x00025a8b      0x12c CMakeFiles/Nucleo_Learning.dir/Core/Src/syscalls.c.obj
 .debug_macro   0x00025bb7       0x16 CMakeFiles/Nucleo_Learning.dir/Core/Src/syscalls.c.obj
 .debug_macro   0x00025bcd       0x16 CMakeFiles/Nucleo_Learning.dir/Core/Src/syscalls.c.obj
 .debug_macro   0x00025be3       0x29 CMakeFiles/Nucleo_Learning.dir/Core/Src/syscalls.c.obj
 .debug_macro   0x00025c0c      0x242 CMakeFiles/Nucleo_Learning.dir/Core/Src/syscalls.c.obj
 .debug_macro   0x00025e4e       0x1c CMakeFiles/Nucleo_Learning.dir/Core/Src/syscalls.c.obj
 .debug_macro   0x00025e6a       0x10 CMakeFiles/Nucleo_Learning.dir/Core/Src/syscalls.c.obj
 .debug_macro   0x00025e7a      0x18a CMakeFiles/Nucleo_Learning.dir/Core/Src/syscalls.c.obj
 .debug_macro   0x00026004       0x16 CMakeFiles/Nucleo_Learning.dir/Core/Src/syscalls.c.obj
 .debug_macro   0x0002601a       0xce CMakeFiles/Nucleo_Learning.dir/Core/Src/syscalls.c.obj

.debug_line     0x00000000     0xcedf
 .debug_line    0x00000000      0x961 CMakeFiles/Nucleo_Learning.dir/Core/Src/main.c.obj
 .debug_line    0x00000961      0x8a6 CMakeFiles/Nucleo_Learning.dir/Core/Src/stm32g4xx_it.c.obj
 .debug_line    0x00001207      0x843 CMakeFiles/Nucleo_Learning.dir/Core/Src/stm32g4xx_hal_msp.c.obj
 .debug_line    0x00001a4a      0xa29 CMakeFiles/Nucleo_Learning.dir/Drivers/BSP/STM32G4xx_Nucleo/stm32g4xx_nucleo.c.obj
 .debug_line    0x00002473      0xad6 CMakeFiles/Nucleo_Learning.dir/Drivers/STM32G4xx_HAL_Driver/Src/stm32g4xx_hal.c.obj
 .debug_line    0x00002f49      0xf59 CMakeFiles/Nucleo_Learning.dir/Drivers/STM32G4xx_HAL_Driver/Src/stm32g4xx_hal_rcc.c.obj
 .debug_line    0x00003ea2     0x11ce CMakeFiles/Nucleo_Learning.dir/Drivers/STM32G4xx_HAL_Driver/Src/stm32g4xx_hal_rcc_ex.c.obj
 .debug_line    0x00005070      0xaaf CMakeFiles/Nucleo_Learning.dir/Drivers/STM32G4xx_HAL_Driver/Src/stm32g4xx_hal_gpio.c.obj
 .debug_line    0x00005b1f      0xa16 CMakeFiles/Nucleo_Learning.dir/Drivers/STM32G4xx_HAL_Driver/Src/stm32g4xx_hal_exti.c.obj
 .debug_line    0x00006535      0xc35 CMakeFiles/Nucleo_Learning.dir/Drivers/STM32G4xx_HAL_Driver/Src/stm32g4xx_hal_pwr_ex.c.obj
 .debug_line    0x0000716a      0xc3b CMakeFiles/Nucleo_Learning.dir/Drivers/STM32G4xx_HAL_Driver/Src/stm32g4xx_hal_cortex.c.obj
 .debug_line    0x00007da5     0x3524 CMakeFiles/Nucleo_Learning.dir/Drivers/STM32G4xx_HAL_Driver/Src/stm32g4xx_hal_uart.c.obj
 .debug_line    0x0000b2c9      0xc0b CMakeFiles/Nucleo_Learning.dir/Drivers/STM32G4xx_HAL_Driver/Src/stm32g4xx_hal_uart_ex.c.obj
 .debug_line    0x0000bed4      0x70a CMakeFiles/Nucleo_Learning.dir/Core/Src/system_stm32g4xx.c.obj
 .debug_line    0x0000c5de      0x2b1 CMakeFiles/Nucleo_Learning.dir/Core/Src/sysmem.c.obj
 .debug_line    0x0000c88f      0x5d5 CMakeFiles/Nucleo_Learning.dir/Core/Src/syscalls.c.obj
 .debug_line    0x0000ce64       0x7b CMakeFiles/Nucleo_Learning.dir/startup_stm32g474xx.s.obj

.debug_str      0x00000000    0xec07b
 .debug_str     0x00000000    0xec07b CMakeFiles/Nucleo_Learning.dir/Core/Src/main.c.obj
                              0xe689f (size before relaxing)
 .debug_str     0x000ec07b    0xe5f72 CMakeFiles/Nucleo_Learning.dir/Core/Src/stm32g4xx_it.c.obj
 .debug_str     0x000ec07b    0xe6859 CMakeFiles/Nucleo_Learning.dir/Core/Src/stm32g4xx_hal_msp.c.obj
 .debug_str     0x000ec07b    0xe3e74 CMakeFiles/Nucleo_Learning.dir/Drivers/BSP/STM32G4xx_Nucleo/stm32g4xx_nucleo.c.obj
 .debug_str     0x000ec07b    0xe32a4 CMakeFiles/Nucleo_Learning.dir/Drivers/STM32G4xx_HAL_Driver/Src/stm32g4xx_hal.c.obj
 .debug_str     0x000ec07b    0xe2cb1 CMakeFiles/Nucleo_Learning.dir/Drivers/STM32G4xx_HAL_Driver/Src/stm32g4xx_hal_rcc.c.obj
 .debug_str     0x000ec07b    0xe2cdb CMakeFiles/Nucleo_Learning.dir/Drivers/STM32G4xx_HAL_Driver/Src/stm32g4xx_hal_rcc_ex.c.obj
 .debug_str     0x000ec07b    0xe271d CMakeFiles/Nucleo_Learning.dir/Drivers/STM32G4xx_HAL_Driver/Src/stm32g4xx_hal_gpio.c.obj
 .debug_str     0x000ec07b    0xe262c CMakeFiles/Nucleo_Learning.dir/Drivers/STM32G4xx_HAL_Driver/Src/stm32g4xx_hal_exti.c.obj
 .debug_str     0x000ec07b    0xe2a80 CMakeFiles/Nucleo_Learning.dir/Drivers/STM32G4xx_HAL_Driver/Src/stm32g4xx_hal_pwr_ex.c.obj
 .debug_str     0x000ec07b    0xe2f60 CMakeFiles/Nucleo_Learning.dir/Drivers/STM32G4xx_HAL_Driver/Src/stm32g4xx_hal_cortex.c.obj
 .debug_str     0x000ec07b    0xe354d CMakeFiles/Nucleo_Learning.dir/Drivers/STM32G4xx_HAL_Driver/Src/stm32g4xx_hal_uart.c.obj
 .debug_str     0x000ec07b    0xe2d4b CMakeFiles/Nucleo_Learning.dir/Drivers/STM32G4xx_HAL_Driver/Src/stm32g4xx_hal_uart_ex.c.obj
 .debug_str     0x000ec07b    0xe2592 CMakeFiles/Nucleo_Learning.dir/Core/Src/system_stm32g4xx.c.obj
 .debug_str     0x000ec07b     0x717a CMakeFiles/Nucleo_Learning.dir/Core/Src/sysmem.c.obj
 .debug_str     0x000ec07b     0x9475 CMakeFiles/Nucleo_Learning.dir/Core/Src/syscalls.c.obj
 .debug_str     0x000ec07b       0xd6 CMakeFiles/Nucleo_Learning.dir/startup_stm32g474xx.s.obj

.debug_line_str
                0x00000000      0x27a
 .debug_line_str
                0x00000000      0x27a CMakeFiles/Nucleo_Learning.dir/startup_stm32g474xx.s.obj
                                 0xba (size before relaxing)
 .debug_line_str
                0x0000027a       0xc9 C:/PROGRA~2/ARMGNU~1/14EFD8~1.2RE/bin/../lib/gcc/arm-none-eabi/14.2.1/thumb/v7e-m+fp/hard\libgcc.a(_aeabi_uldivmod.o)
 .debug_line_str
                0x0000027a       0xcd C:/PROGRA~2/ARMGNU~1/14EFD8~1.2RE/bin/../lib/gcc/arm-none-eabi/14.2.1/thumb/v7e-m+fp/hard\libgcc.a(_dvmd_tls.o)
 .debug_line_str
                0x0000027a       0xeb C:/PROGRA~2/ARMGNU~1/14EFD8~1.2RE/bin/../lib/gcc/arm-none-eabi/14.2.1/thumb/v7e-m+fp/hard\libg_nano.a(libc_a-strlen.o)
